MPLINK 4.21, Linker
Linker Map File - Created Mon Oct 27 14:13:23 2008

                                 Section Info
                  Section       Type    Address   Location Size(Bytes)
                ---------  ---------  ---------  ---------  ---------
               _entry_scn       code   0x000000    program   0x000006
               highVector       code   0x000008    program   0x000006
                lowVector       code   0x000018    program   0x000006
              .code_TCP.o       code   0x00002a    program   0x0031d0
             .stringtable    romdata   0x0031fa    program   0x0030b4
   .code_SecuritySystem.o       code   0x0062ae    program   0x002764
            .code_HTTP2.o       code   0x008a12    program   0x0025d8
             .code_SMTP.o       code   0x00afea    program   0x001a5a
.code_SecurityXPLSender.o       code   0x00ca44    program   0x00139e
        .code_HTTPForms.o       code   0x00dde2    program   0x001176
              .code_xPL.o       code   0x00ef58    program   0x00112c
            .code_MPFS2.o       code   0x010084    program   0x000dfc
     .code_Authenticate.o       code   0x010e80    program   0x000bfe
          .code_Helpers.o       code   0x011a7e    program   0x000b0e
              .code_AES.o       code   0x01258c    program   0x000b0a
 .code_HTTPDynVariables.o       code   0x013096    program   0x0009a4
         .code_ETH97J60.o       code   0x013a3a    program   0x00095e
              .code_UDP.o       code   0x014398    program   0x000822
              .code_EOL.o       code   0x014bba    program   0x00077e
              .code_DNS.o       code   0x015338    program   0x00065e
  .code_SNTP Customised.o       code   0x015996    program   0x00061a
              BIGINT_CODE       code   0x015fb0    program   0x0005b8
                   STDLIB       code   0x016568    program   0x00052c
           .romdata_AES.o    romdata   0x016a94    program   0x000500
                   STRING       code   0x016f94    program   0x0004b8
         .code_MainDemo.o       code   0x01744c    program   0x00045a
              .code_ARP.o       code   0x0178a6    program   0x000400
                     PROG       code   0x017ca6    program   0x000376
             .code_NBNS.o       code   0x01801c    program   0x000342
      .code_LCDBlocking.o       code   0x01835e    program   0x00026c
               .code_IP.o       code   0x0185ca    program   0x00025a
        .code_SPIEEPROM.o       code   0x018824    program   0x000228
             .code_UART.o       code   0x018a4c    program   0x00013a
             .code_Tick.o       code   0x018b86    program   0x000120
         .code_StackTsk.o       code   0x018ca6    program   0x0000fa
              D1KTCYXCODE       code   0x018da0    program   0x000020
             _startup_scn       code   0x018dc0    program   0x00001a
              D10TCYXCODE       code   0x018dda    program   0x000016
           .romdata_xPL.o    romdata   0x018df0    program   0x000012
           .romdata_TCP.o    romdata   0x018e02    program   0x000012
                    .code       code   0x018e14    program   0x00000e
         .romdata_HTTP2.o    romdata   0x018e22    program   0x000003
        .romdata___init.o    romdata   0x018e25    program   0x000000
        .idata___init.o_i    romdata   0x018e25    program   0x000000
          .romdata_Tick.o    romdata   0x018e25    program   0x000000
.romdata_HTTPDynVariables.o    romdata   0x018e25    program   0x000000
.romdata_SNTP Customised.o    romdata   0x018e25    program   0x000000
          .idata_UART.o_i    romdata   0x018e25    program   0x000000
          .romdata_UART.o    romdata   0x018e25    program   0x000000
           .romdata_EOL.o    romdata   0x018e25    program   0x000000
       .romdata_Battery.o    romdata   0x018e25    program   0x000000
           .romdata_UDP.o    romdata   0x018e25    program   0x000000
        .romdata_BigInt.o    romdata   0x018e25    program   0x000000
 .romdata_CustomSSLCert.o    romdata   0x018e25    program   0x000000
        .romdata_Random.o    romdata   0x018e25    program   0x000000
        .idata_Random.o_i    romdata   0x018e25    program   0x000000
.romdata_SecuritySystem.o    romdata   0x018e25    program   0x000000
           .romdata_RSA.o    romdata   0x018e25    program   0x000000
           .idata_RSA.o_i    romdata   0x018e25    program   0x000000
          .idata_SNMP.o_i    romdata   0x018e25    program   0x000000
          .romdata_SNMP.o    romdata   0x018e25    program   0x000000
       .romdata_ARCFOUR.o    romdata   0x018e25    program   0x000000
  .romdata_Authenticate.o    romdata   0x018e25    program   0x000000
           .romdata_SSL.o    romdata   0x018e25    program   0x000000
           .idata_SSL.o_i    romdata   0x018e25    program   0x000000
.idata_SecurityXPLSender.o_i    romdata   0x018e25    program   0x000000
.romdata_SecurityXPLSender.o    romdata   0x018e25    program   0x000000
     .romdata_HTTPForms.o    romdata   0x018e25    program   0x000000
          .romdata_ICMP.o    romdata   0x018e25    program   0x000000
           .romdata_ARP.o    romdata   0x018e25    program   0x000000
       .romdata_Helpers.o    romdata   0x018e25    program   0x000000
            .romdata_IP.o    romdata   0x018e25    program   0x000000
         .romdata_Delay.o    romdata   0x018e25    program   0x000000
   .romdata_LCDBlocking.o    romdata   0x018e25    program   0x000000
       .romdata_c018i_e.o    romdata   0x018e25    program   0x000000
       .idata_c018i_e.o_i    romdata   0x018e25    program   0x000000
           .romdata_DNS.o    romdata   0x018e25    program   0x000000
         .romdata_MPFS2.o    romdata   0x018e25    program   0x000000
          .idata_NBNS.o_i    romdata   0x018e25    program   0x000001
          .romdata_NBNS.o    romdata   0x018e25    program   0x000000
        .romdata_DynDNS.o    romdata   0x018e25    program   0x000000
        .idata_Reboot.o_i    romdata   0x018e25    program   0x000000
        .romdata_Reboot.o    romdata   0x018e25    program   0x000000
      .romdata_ETH97J60.o    romdata   0x018e25    program   0x000000
          .romdata_SMTP.o    romdata   0x018e25    program   0x000000
     .idata_SPIEEPROM.o_i    romdata   0x018e25    program   0x000000
     .romdata_SPIEEPROM.o    romdata   0x018e25    program   0x000000
      .idata_StackTsk.o_i    romdata   0x018e25    program   0x000000
      .romdata_StackTsk.o    romdata   0x018e25    program   0x000000
        .romdata_Hashes.o    romdata   0x018e25    program   0x000000
           .code___init.o       code   0x018e26    program   0x000002
              SEED_DATA_i    romdata   0x018e28    program   0x000002
           .idata_xPL.o_i    romdata   0x018e2a    program   0x000052
           .idata_UDP.o_i    romdata   0x018e7c    program   0x000002
          .idata_Tick.o_i    romdata   0x018e7e    program   0x000004
           .idata_TCP.o_i    romdata   0x018e82    program   0x000002
.idata_SecuritySystem.o_i    romdata   0x018e84    program   0x00005b
.idata_SNTP Customised.o_i    romdata   0x018edf    program   0x000004
          .idata_SMTP.o_i    romdata   0x018ee3    program   0x000012
      .idata_MainDemo.o_i    romdata   0x018ef5    program   0x000005
            .idata_IP.o_i    romdata   0x018efa    program   0x000002
   .idata_LCDBlocking.o_i    romdata   0x018efa    program   0x000000
         .idata_MPFS2.o_i    romdata   0x018efa    program   0x000000
.idata_HTTPDynVariables.o_i    romdata   0x018efc    program   0x000019
        .idata_Hashes.o_i    romdata   0x018efc    program   0x000000
     .idata_HTTPForms.o_i    romdata   0x018efc    program   0x000000
          .idata_ICMP.o_i    romdata   0x018efc    program   0x000000
       .idata_Helpers.o_i    romdata   0x018efc    program   0x000000
         .idata_HTTP2.o_i    romdata   0x018f15    program   0x000078
         .idata_Delay.o_i    romdata   0x018f8d    program   0x000000
      .idata_ETH97J60.o_i    romdata   0x018f8d    program   0x000000
        .idata_DynDNS.o_i    romdata   0x018f8d    program   0x000000
           .idata_EOL.o_i    romdata   0x018f8d    program   0x000000
           .idata_DNS.o_i    romdata   0x018f8d    program   0x000003
 .idata_CustomSSLCert.o_i    romdata   0x018f90    program   0x000000
        .idata_BigInt.o_i    romdata   0x018f90    program   0x000000
       .idata_Battery.o_i    romdata   0x018f90    program   0x00000c
  .idata_Authenticate.o_i    romdata   0x018f9c    program   0x000000
           .idata_ARP.o_i    romdata   0x018f9c    program   0x000001
           .idata_AES.o_i    romdata   0x018f9d    program   0x000000
       .idata_ARCFOUR.o_i    romdata   0x018f9d    program   0x000000
          .code_c018i_e.o       code   0x018f9e    program   0x000000
             .code_ICMP.o       code   0x018f9e    program   0x000000
             .code_SNMP.o       code   0x018f9e    program   0x000000
           .code_Reboot.o       code   0x018f9e    program   0x000000
              .code_RSA.o       code   0x018f9e    program   0x000000
           .code_Hashes.o       code   0x018f9e    program   0x000000
           .code_Random.o       code   0x018f9e    program   0x000000
    .code_CustomSSLCert.o       code   0x018f9e    program   0x000000
           .code_DynDNS.o       code   0x018f9e    program   0x000000
           .code_BigInt.o       code   0x018f9e    program   0x000000
          .code_ARCFOUR.o       code   0x018f9e    program   0x000000
            .code_Delay.o       code   0x018f9e    program   0x000000
              .code_SSL.o       code   0x018f9e    program   0x000000
                   .cinit    romdata   0x01fc00    program   0x0000c2
          .code_Battery.o       code   0x01fcc2    program   0x00026e
               _cinit_scn       code   0x01ff30    program   0x00009e
                    CTYPE       code   0x01ffce    program   0x000024
      .romdata_MainDemo.o    romdata   0x01fff2    program   0x000006
 .config_1fff8_MainDemo.o    romdata   0x01fff8    program   0x000001
 .config_1fffa_MainDemo.o    romdata   0x01fffa    program   0x000001
 .config_1fffd_MainDemo.o    romdata   0x01fffd    program   0x000001
           .udata_MPFS2.o      udata   0x000000       data   0x00005b
         .udata_Battery.o      udata   0x00005b       data   0x000005
                 xPLvars2      udata   0x000060       data   0x000098
        .udata_ETH97J60.o      udata   0x0000f8       data   0x000007
                DELAYDAT1      udata   0x0000ff       data   0x000001
             .udata_xPL.o      udata   0x000100       data   0x0000c1
       SYN_QUEUE_RAM_SECT      udata   0x0001c1       data   0x00003c
             .idata_DNS.o      idata   0x0001fd       data   0x000003
                 xPLvars4      udata   0x000200       data   0x000090
                 TCB_uRAM      udata   0x000290       data   0x000054
                 xPLvars5      udata   0x0002e4       data   0x00001a
                SEED_DATA      idata   0x0002fe       data   0x000002
   HTTP_CONNECTION_STATES      udata   0x000300       data   0x000084
           .idata_HTTP2.o      idata   0x000384       data   0x000078
                MATH_DATA      udata   0x0003fc       data   0x000004
             .udata_UDP.o      udata   0x000400       data   0x000052
             .idata_xPL.o      idata   0x000452       data   0x000052
             .udata_TCP.o      udata   0x0004a4       data   0x00004f
         .idata_Battery.o      idata   0x0004f3       data   0x00000c
            .udata_NBNS.o      udata   0x0004ff       data   0x000001
        .udata_MainDemo.o      udata   0x000500       data   0x00003b
                 xPLvars1      udata   0x00053b       data   0x00002a
    .udata_Authenticate.o      udata   0x000565       data   0x000028
       .udata_SPIEEPROM.o      udata   0x00058d       data   0x000026
     .udata_LCDBlocking.o      udata   0x0005b3       data   0x000021
                 .tmpdata      udata   0x0005d4       data   0x00001f
        .udata_StackTsk.o      udata   0x0005f3       data   0x00000b
             .udata_AES.o      udata   0x0005fe       data   0x000002
.idata_HTTPDynVariables.o      idata   0x000600       data   0x000019
 .udata_SNTP Customised.o      udata   0x000619       data   0x000016
             .udata_DNS.o      udata   0x00062f       data   0x000016
             .udata_ARP.o      udata   0x000645       data   0x000014
              BIGINT_VARS      udata   0x000659       data   0x000013
            .idata_SMTP.o      idata   0x00066c       data   0x000012
            .udata_Tick.o      udata   0x00067e       data   0x000006
.udata_HTTPDynVariables.o      udata   0x000684       data   0x000004
            .idata_Tick.o      idata   0x000688       data   0x000004
 .idata_SNTP Customised.o      idata   0x00068c       data   0x000004
             .idata_UDP.o      idata   0x000690       data   0x000002
             .idata_TCP.o      idata   0x000692       data   0x000002
              .idata_IP.o      idata   0x000694       data   0x000002
            .idata_NBNS.o      idata   0x000696       data   0x000001
             .idata_ARP.o      idata   0x000697       data   0x000001
.idata_SecurityXPLSender.o      idata   0x000698       data   0x000000
       .udata_HTTPForms.o      udata   0x000698       data   0x000000
       .idata_HTTPForms.o      idata   0x000698       data   0x000000
             .udata_SSL.o      udata   0x000698       data   0x000000
             .idata_SSL.o      idata   0x000698       data   0x000000
         .udata_ARCFOUR.o      udata   0x000698       data   0x000000
         .idata_ARCFOUR.o      idata   0x000698       data   0x000000
             .udata_RSA.o      udata   0x000698       data   0x000000
             .idata_RSA.o      idata   0x000698       data   0x000000
          .udata_Random.o      udata   0x000698       data   0x000000
          .idata_Random.o      idata   0x000698       data   0x000000
   .udata_CustomSSLCert.o      udata   0x000698       data   0x000000
          .idata___init.o      idata   0x000698       data   0x000000
   .idata_CustomSSLCert.o      idata   0x000698       data   0x000000
          .udata_BigInt.o      udata   0x000698       data   0x000000
          .idata_BigInt.o      idata   0x000698       data   0x000000
          .udata___init.o      udata   0x000698       data   0x000000
         .idata_c018i_e.o      idata   0x000698       data   0x000000
             .idata_AES.o      idata   0x000698       data   0x000000
             .idata_EOL.o      idata   0x000698       data   0x000000
             .udata_EOL.o      udata   0x000698       data   0x000000
     .idata_LCDBlocking.o      idata   0x000698       data   0x000000
            .idata_ICMP.o      idata   0x000698       data   0x000000
           .idata_MPFS2.o      idata   0x000698       data   0x000000
            .udata_ICMP.o      udata   0x000698       data   0x000000
          .udata_Reboot.o      udata   0x000698       data   0x000000
          .idata_Reboot.o      idata   0x000698       data   0x000000
           .udata_HTTP2.o      udata   0x000698       data   0x000000
       .idata_SPIEEPROM.o      idata   0x000698       data   0x000000
        .idata_StackTsk.o      idata   0x000698       data   0x000000
         .idata_Helpers.o      idata   0x000698       data   0x000000
          .idata_Hashes.o      idata   0x000698       data   0x000000
            .udata_UART.o      udata   0x000698       data   0x000000
            .idata_UART.o      idata   0x000698       data   0x000000
          .udata_Hashes.o      udata   0x000698       data   0x000000
        .idata_ETH97J60.o      idata   0x000698       data   0x000000
          .idata_DynDNS.o      idata   0x000698       data   0x000000
.udata_SecurityXPLSender.o      udata   0x000698       data   0x000000
          .udata_DynDNS.o      udata   0x000698       data   0x000000
  .udata_SecuritySystem.o      udata   0x000698       data   0x000000
    .idata_Authenticate.o      idata   0x000698       data   0x000000
           .idata_Delay.o      idata   0x000698       data   0x000000
            .idata_SNMP.o      idata   0x000698       data   0x000000
            .udata_SNMP.o      udata   0x000698       data   0x000000
           .udata_Delay.o      udata   0x000698       data   0x000000
                   .stack      udata   0x000c00       data   0x000100
                 xPLvars3      udata   0x000d00       data   0x0000e6
         .udata_c018i_e.o      udata   0x000de6       data   0x00000a
         .udata_Helpers.o      udata   0x000df0       data   0x000004
            .udata_SMTP.o      udata   0x000e00       data   0x00007f
              .udata_IP.o      udata   0x000e7f       data   0x000001
              SFR_BANKED0      udata   0x000e80       data   0x000006
              SFR_BANKED1      udata   0x000e8a       data   0x000001
              SFR_BANKED2      udata   0x000e97       data   0x000003
              SFR_BANKED3      udata   0x000ea0       data   0x000001
              SFR_BANKED4      udata   0x000ea2       data   0x000003
              SFR_BANKED5      udata   0x000ea6       data   0x000002
              SFR_BANKED6      udata   0x000eaa       data   0x000002
              SFR_BANKED7      udata   0x000eb2       data   0x000001
              SFR_BANKED8      udata   0x000eb4       data   0x000001
              SFR_BANKED9      udata   0x000eb6       data   0x000004
             SFR_BANKED10      udata   0x000ec0       data   0x000012
             SFR_BANKED11      udata   0x000ed4       data   0x000002
             SFR_BANKED12      udata   0x000ed8       data   0x000002
             SFR_BANKED13      udata   0x000ee2       data   0x000016
             SFR_BANKED14      udata   0x000efb       data   0x000001
             SFR_BANKED15      udata   0x000efd       data   0x000002
  .idata_SecuritySystem.o      idata   0x000f00       data   0x00005b
        .idata_MainDemo.o      idata   0x000f5b       data   0x000005
            SFR_UNBANKED0      udata   0x000f60       data   0x0000a0



                              Program Memory Usage 
                               Start         End      
                           ---------   ---------      
                            0x000000    0x000005      
                            0x000008    0x00000d      
                            0x000018    0x00001d      
                            0x00002a    0x018f9c      
                            0x01fc00    0x01fff8      
                            0x01fffa    0x01fffa      
                            0x01fffd    0x01fffd      
            103296 out of 122816 program addresses used, program memory utilization is 84%



                              Symbols - Sorted by Name
                     Name    Address   Location    Storage File                     
                ---------  ---------  ---------  --------- ---------                
         AESCalcDecodeKey   0x0125e2    program     extern C:\Documents and Settings\Administrator\My Documents\Alarm Controller\PIC Code\AES.c
                AESDecode   0x01260a    program     extern C:\Documents and Settings\Administrator\My Documents\Alarm Controller\PIC Code\AES.c
                  ARPInit   0x017956    program     extern C:\Documents and Settings\Administrator\My Documents\Alarm Controller\Microchip\TCPIP Stack\ARP.c
            ARPIsResolved   0x017b50    program     extern C:\Documents and Settings\Administrator\My Documents\Alarm Controller\Microchip\TCPIP Stack\ARP.c
               ARPProcess   0x01796e    program     extern C:\Documents and Settings\Administrator\My Documents\Alarm Controller\Microchip\TCPIP Stack\ARP.c
                   ARPPut   0x0178a6    program     static C:\Documents and Settings\Administrator\My Documents\Alarm Controller\Microchip\TCPIP Stack\ARP.c
               ARPResolve   0x017a9a    program     extern C:\Documents and Settings\Administrator\My Documents\Alarm Controller\Microchip\TCPIP Stack\ARP.c
                      Arm   0x007180    program     extern C:\Documents and Settings\Administrator\My Documents\Alarm Controller\PIC Code\SecuritySystem.c
                  ArmAway   0x0072a6    program     extern C:\Documents and Settings\Administrator\My Documents\Alarm Controller\PIC Code\SecuritySystem.c
                  ArmHome   0x007242    program     extern C:\Documents and Settings\Administrator\My Documents\Alarm Controller\PIC Code\SecuritySystem.c
              ArmLatchkey   0x0072e4    program     extern C:\Documents and Settings\Administrator\My Documents\Alarm Controller\PIC Code\SecuritySystem.c
          ArmingZoneState   0x007890    program     static C:\Documents and Settings\Administrator\My Documents\Alarm Controller\PIC Code\SecuritySystem.c
             Authenticate   0x0111cc    program     extern C:\Documents and Settings\Administrator\My Documents\Alarm Controller\PIC Code\Authenticate.c
             Base64Decode   0x011ef4    program     extern C:\Documents and Settings\Administrator\My Documents\Alarm Controller\Microchip\TCPIP Stack\Helpers.c
             Base64Encode   0x012016    program     extern C:\Documents and Settings\Administrator\My Documents\Alarm Controller\Microchip\TCPIP Stack\Helpers.c
              BatteryTask   0x01fe12    program     extern C:\Documents and Settings\Administrator\My Documents\Alarm Controller\PIC Code\Battery.c
                BusyUSART   0x018a90    program     extern C:\Documents and Settings\Administrator\My Documents\Alarm Controller\Microchip\TCPIP Stack\UART.c
     CalcIPBufferChecksum   0x013ee4    program     extern C:\Documents and Settings\Administrator\My Documents\Alarm Controller\Microchip\TCPIP Stack\ETH97J60.c
           CalcIPChecksum   0x012316    program     extern C:\Documents and Settings\Administrator\My Documents\Alarm Controller\Microchip\TCPIP Stack\Helpers.c
                 CheckEOL   0x014bba    program     extern C:\Documents and Settings\Administrator\My Documents\Alarm Controller\PIC Code\EOL.c
         ClearArmingFlags   0x00713e    program     extern C:\Documents and Settings\Administrator\My Documents\Alarm Controller\PIC Code\SecuritySystem.c
              CloseSocket   0x001afa    program     static C:\Documents and Settings\Administrator\My Documents\Alarm Controller\Microchip\TCPIP Stack\TCP.c
               CloseUSART   0x018a9c    program     extern C:\Documents and Settings\Administrator\My Documents\Alarm Controller\Microchip\TCPIP Stack\UART.c
                    D10_1   0x018dea    program     static C:\MCC18\src\extended\delays\d10tcyx.asm
                     D10x   0x018de2    program     static C:\MCC18\src\extended\delays\d10tcyx.asm
                   D1616S   0x017ce8    program     static C:\MCC18\src\extended\math\div16s.asm
                D1616SNEG   0x017cf6    program     static C:\MCC18\src\extended\math\div16s.asm
                 D1616SOK   0x017cf2    program     static C:\MCC18\src\extended\math\div16s.asm
                D1616SPOS   0x017d06    program     static C:\MCC18\src\extended\math\div16s.asm
                  D1616SX   0x017d2c    program     static C:\MCC18\src\extended\math\div16s.asm
                    D1K_1   0x018dae    program     static C:\MCC18\src\extended\delays\d1ktcyx.asm
                     D1Kx   0x018dac    program     static C:\MCC18\src\extended\delays\d1ktcyx.asm
                  DA1616S   0x017cd8    program     static C:\MCC18\src\extended\math\div16s.asm
            DNSBeginUsage   0x015338    program     extern C:\Documents and Settings\Administrator\My Documents\Alarm Controller\Microchip\TCPIP Stack\DNS.c
              DNSEndUsage   0x015342    program     extern C:\Documents and Settings\Administrator\My Documents\Alarm Controller\Microchip\TCPIP Stack\DNS.c
             DNSGetString   0x015820    program     static C:\Documents and Settings\Administrator\My Documents\Alarm Controller\Microchip\TCPIP Stack\DNS.c
            DNSIsResolved   0x0153da    program     extern C:\Documents and Settings\Administrator\My Documents\Alarm Controller\Microchip\TCPIP Stack\DNS.c
          DNSPutROMString   0x015748    program     static C:\Documents and Settings\Administrator\My Documents\Alarm Controller\Microchip\TCPIP Stack\DNS.c
             DNSPutString   0x0156b4    program     static C:\Documents and Settings\Administrator\My Documents\Alarm Controller\Microchip\TCPIP Stack\DNS.c
               DNSResolve   0x01535c    program     extern C:\Documents and Settings\Administrator\My Documents\Alarm Controller\Microchip\TCPIP Stack\DNS.c
            DNSResolveROM   0x015398    program     extern C:\Documents and Settings\Administrator\My Documents\Alarm Controller\Microchip\TCPIP Stack\DNS.c
             DataRdyUSART   0x018aa8    program     extern C:\Documents and Settings\Administrator\My Documents\Alarm Controller\Microchip\TCPIP Stack\UART.c
           DecKeySchedule   0x012f2a    program     extern C:\Documents and Settings\Administrator\My Documents\Alarm Controller\PIC Code\AES.c
         DecodeIntFromGET   0x00e65e    program     extern C:\Documents and Settings\Administrator\My Documents\Alarm Controller\PIC Code\HTTPForms.c
           DecodeShiftRow   0x012ebc    program     extern C:\Documents and Settings\Administrator\My Documents\Alarm Controller\PIC Code\AES.c
Default_xPL_My_Instance_ID   0x018df9    program     extern C:\Documents and Settings\Administrator\My Documents\Alarm Controller\PIC Code\xPL.c
              Delay10TCYx   0x018dda    program     extern C:\MCC18\src\extended\delays\d10tcyx.asm
              Delay1KTCYx   0x018da0    program     extern C:\MCC18\src\extended\delays\d1ktcyx.asm
                   Disarm   0x008142    program     extern C:\Documents and Settings\Administrator\My Documents\Alarm Controller\PIC Code\SecuritySystem.c
           DisplayIPValue   0x0175c6    program     extern C:\Documents and Settings\Administrator\My Documents\Alarm Controller\PIC Code\MainDemo.c
                  DoWrite   0x018926    program     static C:\Documents and Settings\Administrator\My Documents\Alarm Controller\Microchip\TCPIP Stack\SPIEEPROM.c
               EnableArea   0x00830e    program     extern C:\Documents and Settings\Administrator\My Documents\Alarm Controller\PIC Code\SecuritySystem.c
               EnableZone   0x0082ac    program     extern C:\Documents and Settings\Administrator\My Documents\Alarm Controller\PIC Code\SecuritySystem.c
           EncKeySchedule   0x01258c    program     extern C:\Documents and Settings\Administrator\My Documents\Alarm Controller\PIC Code\AES.c
                 FetchADC   0x01fd88    program     extern C:\Documents and Settings\Administrator\My Documents\Alarm Controller\PIC Code\Battery.c
         FindEmailAddress   0x00bbee    program     static C:\Documents and Settings\Administrator\My Documents\Alarm Controller\Microchip\TCPIP Stack\SMTP.c
       FindMatchingSocket   0x0017f6    program     static C:\Documents and Settings\Administrator\My Documents\Alarm Controller\Microchip\TCPIP Stack\TCP.c
       FindMatchingSocket   0x01493e    program     static C:\Documents and Settings\Administrator\My Documents\Alarm Controller\Microchip\TCPIP Stack\UDP.c
      FindROMEmailAddress   0x00bc74    program     static C:\Documents and Settings\Administrator\My Documents\Alarm Controller\Microchip\TCPIP Stack\SMTP.c
        FormatNetBIOSName   0x01244e    program     extern C:\Documents and Settings\Administrator\My Documents\Alarm Controller\Microchip\TCPIP Stack\Helpers.c
      GenerateRandomDWORD   0x011a7e    program     extern C:\Documents and Settings\Administrator\My Documents\Alarm Controller\Microchip\TCPIP Stack\Helpers.c
              GetTickCopy   0x018b96    program     static C:\Documents and Settings\Administrator\My Documents\Alarm Controller\Microchip\TCPIP Stack\Tick.c
            HTTPCheckAuth   0x011610    program     extern C:\Documents and Settings\Administrator\My Documents\Alarm Controller\PIC Code\Authenticate.c
           HTTPExecuteGet   0x00dde2    program     extern C:\Documents and Settings\Administrator\My Documents\Alarm Controller\PIC Code\HTTPForms.c
          HTTPExecutePost   0x00e712    program     extern C:\Documents and Settings\Administrator\My Documents\Alarm Controller\PIC Code\HTTPForms.c
               HTTPGetArg   0x00a5f8    program     extern C:\Documents and Settings\Administrator\My Documents\Alarm Controller\Microchip\TCPIP Stack\HTTP2.c
            HTTPGetROMArg   0x00a63a    program     extern C:\Documents and Settings\Administrator\My Documents\Alarm Controller\Microchip\TCPIP Stack\HTTP2.c
HTTPHeaderParseAuthorization   0x00a410    program     static C:\Documents and Settings\Administrator\My Documents\Alarm Controller\Microchip\TCPIP Stack\HTTP2.c
HTTPHeaderParseContentLength   0x00a4e8    program     static C:\Documents and Settings\Administrator\My Documents\Alarm Controller\Microchip\TCPIP Stack\HTTP2.c
    HTTPHeaderParseLookup   0x00a3f8    program     static C:\Documents and Settings\Administrator\My Documents\Alarm Controller\Microchip\TCPIP Stack\HTTP2.c
              HTTPIncFile   0x00a994    program     extern C:\Documents and Settings\Administrator\My Documents\Alarm Controller\Microchip\TCPIP Stack\HTTP2.c
                 HTTPInit   0x00994a    program     extern C:\Documents and Settings\Administrator\My Documents\Alarm Controller\Microchip\TCPIP Stack\HTTP2.c
             HTTPLoadConn   0x009a40    program     static C:\Documents and Settings\Administrator\My Documents\Alarm Controller\Microchip\TCPIP Stack\HTTP2.c
           HTTPMPFSUpload   0x00a7ec    program     static C:\Documents and Settings\Administrator\My Documents\Alarm Controller\Microchip\TCPIP Stack\HTTP2.c
            HTTPNeedsAuth   0x0115ba    program     extern C:\Documents and Settings\Administrator\My Documents\Alarm Controller\PIC Code\Authenticate.c
           HTTPPostConfig   0x00e77a    program     static C:\Documents and Settings\Administrator\My Documents\Alarm Controller\PIC Code\HTTPForms.c
       HTTPPostSMTPConfig   0x00c27e    program     extern C:\Documents and Settings\Administrator\My Documents\Alarm Controller\PIC Code\SMTP.c
                HTTPPrint   0x008a12    program     extern C:\Documents and Settings\Administrator\My Documents\Alarm Controller\PIC Code\HTTPPrint.h
              HTTPPrintIP   0x0130be    program     static C:\Documents and Settings\Administrator\My Documents\Alarm Controller\PIC Code\HTTPDynVariables.c
               HTTPPrint_   0x00993a    program     extern C:\Documents and Settings\Administrator\My Documents\Alarm Controller\PIC Code\HTTPPrint.h
     HTTPPrint_AES_Active   0x0159a6    program     extern C:\Documents and Settings\Administrator\My Documents\Alarm Controller\PIC Code\SNTP Customised.c
     HTTPPrint_AlarmState   0x0131c2    program     extern C:\Documents and Settings\Administrator\My Documents\Alarm Controller\PIC Code\HTTPDynVariables.c
  HTTPPrint_AlarmTypeList   0x013266    program     extern C:\Documents and Settings\Administrator\My Documents\Alarm Controller\PIC Code\HTTPDynVariables.c
HTTPPrint_Alarming24Duration   0x0132f4    program     extern C:\Documents and Settings\Administrator\My Documents\Alarm Controller\PIC Code\HTTPDynVariables.c
HTTPPrint_AlarmingDuration   0x0132e6    program     extern C:\Documents and Settings\Administrator\My Documents\Alarm Controller\PIC Code\HTTPDynVariables.c
      HTTPPrint_AreaCount   0x013550    program     extern C:\Documents and Settings\Administrator\My Documents\Alarm Controller\PIC Code\HTTPDynVariables.c
       HTTPPrint_AreaDesc   0x01366a    program     extern C:\Documents and Settings\Administrator\My Documents\Alarm Controller\PIC Code\HTTPDynVariables.c
   HTTPPrint_AreaTampered   0x013698    program     extern C:\Documents and Settings\Administrator\My Documents\Alarm Controller\PIC Code\HTTPDynVariables.c
 HTTPPrint_AreasAlarmType   0x013634    program     extern C:\Documents and Settings\Administrator\My Documents\Alarm Controller\PIC Code\HTTPDynVariables.c
   HTTPPrint_AreasAlarmed   0x013608    program     extern C:\Documents and Settings\Administrator\My Documents\Alarm Controller\PIC Code\HTTPDynVariables.c
     HTTPPrint_AreasArmed   0x0135dc    program     extern C:\Documents and Settings\Administrator\My Documents\Alarm Controller\PIC Code\HTTPDynVariables.c
  HTTPPrint_AreasBypassed   0x013558    program     extern C:\Documents and Settings\Administrator\My Documents\Alarm Controller\PIC Code\HTTPDynVariables.c
  HTTPPrint_AreasIsolated   0x013584    program     extern C:\Documents and Settings\Administrator\My Documents\Alarm Controller\PIC Code\HTTPDynVariables.c
 HTTPPrint_AreasTriggered   0x0135b0    program     extern C:\Documents and Settings\Administrator\My Documents\Alarm Controller\PIC Code\HTTPDynVariables.c
  HTTPPrint_BatteryStatus   0x01fcda    program     extern C:\Documents and Settings\Administrator\My Documents\Alarm Controller\PIC Code\Battery.c
    HTTPPrint_CurrentEPOC   0x0159d0    program     extern C:\Documents and Settings\Administrator\My Documents\Alarm Controller\PIC Code\SNTP Customised.c
       HTTPPrint_EOLValue   0x015094    program     extern C:\Documents and Settings\Administrator\My Documents\Alarm Controller\PIC Code\EOL.c
     HTTPPrint_EntryDelay   0x0132d8    program     extern C:\Documents and Settings\Administrator\My Documents\Alarm Controller\PIC Code\HTTPDynVariables.c
      HTTPPrint_ExitDelay   0x0132ca    program     extern C:\Documents and Settings\Administrator\My Documents\Alarm Controller\PIC Code\HTTPDynVariables.c
  HTTPPrint_HeartBeatTime   0x0132bc    program     extern C:\Documents and Settings\Administrator\My Documents\Alarm Controller\PIC Code\HTTPDynVariables.c
   HTTPPrint_InstanceName   0x0132ac    program     extern C:\Documents and Settings\Administrator\My Documents\Alarm Controller\PIC Code\HTTPDynVariables.c
  HTTPPrint_NTPLastUpdate   0x0159c0    program     extern C:\Documents and Settings\Administrator\My Documents\Alarm Controller\PIC Code\SNTP Customised.c
      HTTPPrint_NTPServer   0x015996    program     extern C:\Documents and Settings\Administrator\My Documents\Alarm Controller\PIC Code\SNTP Customised.c
    HTTPPrint_PrintEEProm   0x0116d0    program     extern C:\Documents and Settings\Administrator\My Documents\Alarm Controller\PIC Code\Authenticate.c
 HTTPPrint_RejectPassword   0x011286    program     extern C:\Documents and Settings\Administrator\My Documents\Alarm Controller\PIC Code\Authenticate.c
 HTTPPrint_SMTPTestOutput   0x00c1e4    program     extern C:\Documents and Settings\Administrator\My Documents\Alarm Controller\PIC Code\SMTP.c
    HTTPPrint_SMTP_Active   0x00c1ae    program     extern C:\Documents and Settings\Administrator\My Documents\Alarm Controller\PIC Code\SMTP.c
 HTTPPrint_SMTP_ArmDisarm   0x00c1d2    program     extern C:\Documents and Settings\Administrator\My Documents\Alarm Controller\PIC Code\SMTP.c
HTTPPrint_SMTP_OnlyInitalAlarm   0x00c1c0    program     extern C:\Documents and Settings\Administrator\My Documents\Alarm Controller\PIC Code\SMTP.c
  HTTPPrint_SMTP_Password   0x00c15c    program     extern C:\Documents and Settings\Administrator\My Documents\Alarm Controller\PIC Code\SMTP.c
      HTTPPrint_SMTP_Port   0x00c17e    program     extern C:\Documents and Settings\Administrator\My Documents\Alarm Controller\PIC Code\SMTP.c
    HTTPPrint_SMTP_Server   0x00c116    program     extern C:\Documents and Settings\Administrator\My Documents\Alarm Controller\PIC Code\SMTP.c
        HTTPPrint_SMTP_To   0x00c0f2    program     extern C:\Documents and Settings\Administrator\My Documents\Alarm Controller\PIC Code\SMTP.c
      HTTPPrint_SMTP_User   0x00c13a    program     extern C:\Documents and Settings\Administrator\My Documents\Alarm Controller\PIC Code\SMTP.c
 HTTPPrint_SNTPTestOutput   0x015a16    program     extern C:\Documents and Settings\Administrator\My Documents\Alarm Controller\PIC Code\SNTP Customised.c
     HTTPPrint_SirenDelay   0x013310    program     extern C:\Documents and Settings\Administrator\My Documents\Alarm Controller\PIC Code\HTTPDynVariables.c
  HTTPPrint_SirenDelay24h   0x013302    program     extern C:\Documents and Settings\Administrator\My Documents\Alarm Controller\PIC Code\HTTPDynVariables.c
       HTTPPrint_TypeList   0x01320c    program     extern C:\Documents and Settings\Administrator\My Documents\Alarm Controller\PIC Code\HTTPDynVariables.c
       HTTPPrint_UserName   0x0112a2    program     extern C:\Documents and Settings\Administrator\My Documents\Alarm Controller\PIC Code\Authenticate.c
   HTTPPrint_UserPassword   0x0112be    program     extern C:\Documents and Settings\Administrator\My Documents\Alarm Controller\PIC Code\Authenticate.c
 HTTPPrint_VoltageBattery   0x01fcce    program     extern C:\Documents and Settings\Administrator\My Documents\Alarm Controller\PIC Code\Battery.c
  HTTPPrint_VoltageSupply   0x01fcc2    program     extern C:\Documents and Settings\Administrator\My Documents\Alarm Controller\PIC Code\Battery.c
      HTTPPrint_ZoneCount   0x01331e    program     extern C:\Documents and Settings\Administrator\My Documents\Alarm Controller\PIC Code\HTTPDynVariables.c
       HTTPPrint_ZoneDesc   0x0134ec    program     extern C:\Documents and Settings\Administrator\My Documents\Alarm Controller\PIC Code\HTTPDynVariables.c
 HTTPPrint_ZonesAlarmType   0x013488    program     extern C:\Documents and Settings\Administrator\My Documents\Alarm Controller\PIC Code\HTTPDynVariables.c
   HTTPPrint_ZonesAlarmed   0x0133d6    program     extern C:\Documents and Settings\Administrator\My Documents\Alarm Controller\PIC Code\HTTPDynVariables.c
  HTTPPrint_ZonesAreaList   0x0134bc    program     extern C:\Documents and Settings\Administrator\My Documents\Alarm Controller\PIC Code\HTTPDynVariables.c
     HTTPPrint_ZonesArmed   0x0133aa    program     extern C:\Documents and Settings\Administrator\My Documents\Alarm Controller\PIC Code\HTTPDynVariables.c
  HTTPPrint_ZonesBypassed   0x013326    program     extern C:\Documents and Settings\Administrator\My Documents\Alarm Controller\PIC Code\HTTPDynVariables.c
     HTTPPrint_ZonesEntry   0x013402    program     extern C:\Documents and Settings\Administrator\My Documents\Alarm Controller\PIC Code\HTTPDynVariables.c
  HTTPPrint_ZonesIsolated   0x013352    program     extern C:\Documents and Settings\Administrator\My Documents\Alarm Controller\PIC Code\HTTPDynVariables.c
        HTTPPrint_ZonesNO   0x01342e    program     extern C:\Documents and Settings\Administrator\My Documents\Alarm Controller\PIC Code\HTTPDynVariables.c
  HTTPPrint_ZonesTampered   0x013520    program     extern C:\Documents and Settings\Administrator\My Documents\Alarm Controller\PIC Code\HTTPDynVariables.c
 HTTPPrint_ZonesTriggered   0x01337e    program     extern C:\Documents and Settings\Administrator\My Documents\Alarm Controller\PIC Code\HTTPDynVariables.c
      HTTPPrint_ZonesType   0x01345a    program     extern C:\Documents and Settings\Administrator\My Documents\Alarm Controller\PIC Code\HTTPDynVariables.c
    HTTPPrint_config_dns1   0x013148    program     extern C:\Documents and Settings\Administrator\My Documents\Alarm Controller\PIC Code\HTTPDynVariables.c
    HTTPPrint_config_dns2   0x01315a    program     extern C:\Documents and Settings\Administrator\My Documents\Alarm Controller\PIC Code\HTTPDynVariables.c
      HTTPPrint_config_gw   0x013124    program     extern C:\Documents and Settings\Administrator\My Documents\Alarm Controller\PIC Code\HTTPDynVariables.c
HTTPPrint_config_hostname   0x0130a8    program     extern C:\Documents and Settings\Administrator\My Documents\Alarm Controller\PIC Code\HTTPDynVariables.c
      HTTPPrint_config_ip   0x013112    program     extern C:\Documents and Settings\Administrator\My Documents\Alarm Controller\PIC Code\HTTPDynVariables.c
     HTTPPrint_config_mac   0x01316c    program     extern C:\Documents and Settings\Administrator\My Documents\Alarm Controller\PIC Code\HTTPDynVariables.c
  HTTPPrint_config_subnet   0x013136    program     extern C:\Documents and Settings\Administrator\My Documents\Alarm Controller\PIC Code\HTTPDynVariables.c
         HTTPPrint_reboot   0x0130ba    program     extern C:\Documents and Settings\Administrator\My Documents\Alarm Controller\PIC Code\HTTPDynVariables.c
     HTTPPrint_rebootaddr   0x013096    program     extern C:\Documents and Settings\Administrator\My Documents\Alarm Controller\PIC Code\HTTPDynVariables.c
              HTTPProcess   0x009a98    program     static C:\Documents and Settings\Administrator\My Documents\Alarm Controller\Microchip\TCPIP Stack\HTTP2.c
         HTTPReadPostName   0x00a696    program     extern C:\Documents and Settings\Administrator\My Documents\Alarm Controller\Microchip\TCPIP Stack\HTTP2.c
        HTTPReadPostValue   0x00a6ae    program     extern C:\Documents and Settings\Administrator\My Documents\Alarm Controller\Microchip\TCPIP Stack\HTTP2.c
               HTTPReadTo   0x00a6f6    program     static C:\Documents and Settings\Administrator\My Documents\Alarm Controller\Microchip\TCPIP Stack\HTTP2.c
             HTTPSendFile   0x00a26a    program     static C:\Documents and Settings\Administrator\My Documents\Alarm Controller\Microchip\TCPIP Stack\HTTP2.c
               HTTPServer   0x0099be    program     extern C:\Documents and Settings\Administrator\My Documents\Alarm Controller\Microchip\TCPIP Stack\HTTP2.c
            HTTPURLDecode   0x00a53a    program     extern C:\Documents and Settings\Administrator\My Documents\Alarm Controller\Microchip\TCPIP Stack\HTTP2.c
                HTTP_CRLF   0x018e22    program     static C:\Documents and Settings\Administrator\My Documents\Alarm Controller\Microchip\TCPIP Stack\HTTP2.c
             HandleTCPSeg   0x001b78    program     static C:\Documents and Settings\Administrator\My Documents\Alarm Controller\Microchip\TCPIP Stack\TCP.c
                  HighISR   0x0174fc    program     extern C:\Documents and Settings\Administrator\My Documents\Alarm Controller\PIC Code\MainDemo.c
               HighVector   0x000008    program     extern C:\Documents and Settings\Administrator\My Documents\Alarm Controller\PIC Code\MainDemo.c
                  IOTasks   0x006cde    program     static C:\Documents and Settings\Administrator\My Documents\Alarm Controller\PIC Code\SecuritySystem.c
              IPGetHeader   0x0185ca    program     extern C:\Documents and Settings\Administrator\My Documents\Alarm Controller\Microchip\TCPIP Stack\IP.c
              IPPutHeader   0x0186ac    program     extern C:\Documents and Settings\Administrator\My Documents\Alarm Controller\Microchip\TCPIP Stack\IP.c
            IPSetRxBuffer   0x01876c    program     extern C:\Documents and Settings\Administrator\My Documents\Alarm Controller\Microchip\TCPIP Stack\IP.c
            InitAppConfig   0x0176c8    program     static C:\Documents and Settings\Administrator\My Documents\Alarm Controller\PIC Code\MainDemo.c
          InitializeBoard   0x01769c    program     static C:\Documents and Settings\Administrator\My Documents\Alarm Controller\PIC Code\MainDemo.c
          IsZoneTriggered   0x014df8    program     extern C:\Documents and Settings\Administrator\My Documents\Alarm Controller\PIC Code\EOL.c
              IsolateArea   0x0081d0    program     extern C:\Documents and Settings\Administrator\My Documents\Alarm Controller\PIC Code\SecuritySystem.c
              IsolateZone   0x0081a0    program     extern C:\Documents and Settings\Administrator\My Documents\Alarm Controller\PIC Code\SecuritySystem.c
                 LCDErase   0x01852c    program     extern C:\Documents and Settings\Administrator\My Documents\Alarm Controller\Microchip\TCPIP Stack\LCDBlocking.c
                  LCDInit   0x0183a0    program     extern C:\Documents and Settings\Administrator\My Documents\Alarm Controller\Microchip\TCPIP Stack\LCDBlocking.c
                LCDUpdate   0x0184a0    program     extern C:\Documents and Settings\Administrator\My Documents\Alarm Controller\Microchip\TCPIP Stack\LCDBlocking.c
                 LCDWrite   0x01835e    program     static C:\Documents and Settings\Administrator\My Documents\Alarm Controller\Microchip\TCPIP Stack\LCDBlocking.c
        LoadDefaultConfig   0x006578    program     static C:\Documents and Settings\Administrator\My Documents\Alarm Controller\PIC Code\SecuritySystem.c
       LoadUserNameEEdata   0x011362    program     static C:\Documents and Settings\Administrator\My Documents\Alarm Controller\PIC Code\Authenticate.c
   LoadUserPasswordEEdata   0x0112dc    program     static C:\Documents and Settings\Administrator\My Documents\Alarm Controller\PIC Code\Authenticate.c
                   LowISR   0x01744c    program     extern C:\Documents and Settings\Administrator\My Documents\Alarm Controller\PIC Code\MainDemo.c
                LowVector   0x000018    program     extern C:\Documents and Settings\Administrator\My Documents\Alarm Controller\PIC Code\MainDemo.c
        MACCalcRxChecksum   0x013e88    program     extern C:\Documents and Settings\Administrator\My Documents\Alarm Controller\Microchip\TCPIP Stack\ETH97J60.c
             MACDiscardRx   0x013b8a    program     extern C:\Documents and Settings\Administrator\My Documents\Alarm Controller\Microchip\TCPIP Stack\ETH97J60.c
                 MACFlush   0x013e04    program     extern C:\Documents and Settings\Administrator\My Documents\Alarm Controller\Microchip\TCPIP Stack\ETH97J60.c
                   MACGet   0x01413e    program     extern C:\Documents and Settings\Administrator\My Documents\Alarm Controller\Microchip\TCPIP Stack\ETH97J60.c
              MACGetArray   0x014142    program     extern C:\Documents and Settings\Administrator\My Documents\Alarm Controller\Microchip\TCPIP Stack\ETH97J60.c
         MACGetFreeRxSize   0x013bca    program     extern C:\Documents and Settings\Administrator\My Documents\Alarm Controller\Microchip\TCPIP Stack\ETH97J60.c
             MACGetHeader   0x013c64    program     extern C:\Documents and Settings\Administrator\My Documents\Alarm Controller\Microchip\TCPIP Stack\ETH97J60.c
                  MACInit   0x013a3a    program     extern C:\Documents and Settings\Administrator\My Documents\Alarm Controller\Microchip\TCPIP Stack\ETH97J60.c
              MACIsLinked   0x013b30    program     extern C:\Documents and Settings\Administrator\My Documents\Alarm Controller\Microchip\TCPIP Stack\ETH97J60.c
         MACIsMemCopyDone   0x014132    program     extern C:\Documents and Settings\Administrator\My Documents\Alarm Controller\Microchip\TCPIP Stack\ETH97J60.c
             MACIsTxReady   0x013b42    program     extern C:\Documents and Settings\Administrator\My Documents\Alarm Controller\Microchip\TCPIP Stack\ETH97J60.c
          MACMemCopyAsync   0x014012    program     extern C:\Documents and Settings\Administrator\My Documents\Alarm Controller\Microchip\TCPIP Stack\ETH97J60.c
             MACPowerDown   0x0142ba    program     extern C:\Documents and Settings\Administrator\My Documents\Alarm Controller\Microchip\TCPIP Stack\ETH97J60.c
               MACPowerUp   0x0142cc    program     extern C:\Documents and Settings\Administrator\My Documents\Alarm Controller\Microchip\TCPIP Stack\ETH97J60.c
                   MACPut   0x014188    program     extern C:\Documents and Settings\Administrator\My Documents\Alarm Controller\Microchip\TCPIP Stack\ETH97J60.c
              MACPutArray   0x0141a2    program     extern C:\Documents and Settings\Administrator\My Documents\Alarm Controller\Microchip\TCPIP Stack\ETH97J60.c
             MACPutHeader   0x013daa    program     extern C:\Documents and Settings\Administrator\My Documents\Alarm Controller\Microchip\TCPIP Stack\ETH97J60.c
           MACPutROMArray   0x0141e2    program     extern C:\Documents and Settings\Administrator\My Documents\Alarm Controller\Microchip\TCPIP Stack\ETH97J60.c
            MACSetReadPtr   0x013e74    program     extern C:\Documents and Settings\Administrator\My Documents\Alarm Controller\Microchip\TCPIP Stack\ETH97J60.c
        MACSetReadPtrInRx   0x013e32    program     extern C:\Documents and Settings\Administrator\My Documents\Alarm Controller\Microchip\TCPIP Stack\ETH97J60.c
           MACSetWritePtr   0x013e5e    program     extern C:\Documents and Settings\Administrator\My Documents\Alarm Controller\Microchip\TCPIP Stack\ETH97J60.c
                MPFSClose   0x0103f6    program     extern C:\Documents and Settings\Administrator\My Documents\Alarm Controller\Microchip\TCPIP Stack\MPFS2.c
               MPFSFormat   0x0106a8    program     extern C:\Documents and Settings\Administrator\My Documents\Alarm Controller\Microchip\TCPIP Stack\MPFS2.c
                  MPFSGet   0x010410    program     extern C:\Documents and Settings\Administrator\My Documents\Alarm Controller\Microchip\TCPIP Stack\MPFS2.c
             MPFSGetArray   0x0104d0    program     extern C:\Documents and Settings\Administrator\My Documents\Alarm Controller\Microchip\TCPIP Stack\MPFS2.c
          MPFSGetBytesRem   0x010946    program     extern C:\Documents and Settings\Administrator\My Documents\Alarm Controller\Microchip\TCPIP Stack\MPFS2.c
           MPFSGetEndAddr   0x0109b8    program     extern C:\Documents and Settings\Administrator\My Documents\Alarm Controller\Microchip\TCPIP Stack\MPFS2.c
          MPFSGetFilename   0x010a18    program     extern C:\Documents and Settings\Administrator\My Documents\Alarm Controller\Microchip\TCPIP Stack\MPFS2.c
             MPFSGetFlags   0x0108e6    program     extern C:\Documents and Settings\Administrator\My Documents\Alarm Controller\Microchip\TCPIP Stack\MPFS2.c
                MPFSGetID   0x010ab0    program     extern C:\Documents and Settings\Administrator\My Documents\Alarm Controller\Microchip\TCPIP Stack\MPFS2.c
              MPFSGetLong   0x010558    program     extern C:\Documents and Settings\Administrator\My Documents\Alarm Controller\Microchip\TCPIP Stack\MPFS2.c
         MPFSGetMicrotime   0x0108b4    program     extern C:\Documents and Settings\Administrator\My Documents\Alarm Controller\Microchip\TCPIP Stack\MPFS2.c
          MPFSGetPosition   0x010a80    program     extern C:\Documents and Settings\Administrator\My Documents\Alarm Controller\Microchip\TCPIP Stack\MPFS2.c
              MPFSGetSize   0x010914    program     extern C:\Documents and Settings\Administrator\My Documents\Alarm Controller\Microchip\TCPIP Stack\MPFS2.c
         MPFSGetStartAddr   0x01097a    program     extern C:\Documents and Settings\Administrator\My Documents\Alarm Controller\Microchip\TCPIP Stack\MPFS2.c
         MPFSGetTimestamp   0x010882    program     extern C:\Documents and Settings\Administrator\My Documents\Alarm Controller\Microchip\TCPIP Stack\MPFS2.c
                 MPFSInit   0x010084    program     extern C:\Documents and Settings\Administrator\My Documents\Alarm Controller\Microchip\TCPIP Stack\MPFS2.c
                 MPFSOpen   0x0100ba    program     extern C:\Documents and Settings\Administrator\My Documents\Alarm Controller\Microchip\TCPIP Stack\MPFS2.c
               MPFSOpenID   0x01037a    program     extern C:\Documents and Settings\Administrator\My Documents\Alarm Controller\Microchip\TCPIP Stack\MPFS2.c
              MPFSOpenROM   0x010218    program     extern C:\Documents and Settings\Administrator\My Documents\Alarm Controller\Microchip\TCPIP Stack\MPFS2.c
             MPFSPutArray   0x01076a    program     extern C:\Documents and Settings\Administrator\My Documents\Alarm Controller\Microchip\TCPIP Stack\MPFS2.c
               MPFSPutEnd   0x0107ea    program     extern C:\Documents and Settings\Administrator\My Documents\Alarm Controller\Microchip\TCPIP Stack\MPFS2.c
                 MPFSSeek   0x010580    program     extern C:\Documents and Settings\Administrator\My Documents\Alarm Controller\Microchip\TCPIP Stack\MPFS2.c
               ModifyUser   0x011484    program     extern C:\Documents and Settings\Administrator\My Documents\Alarm Controller\PIC Code\Authenticate.c
              NBNSGetName   0x0182a0    program     static C:\Documents and Settings\Administrator\My Documents\Alarm Controller\Microchip\TCPIP Stack\NBNS.c
              NBNSPutName   0x018262    program     static C:\Documents and Settings\Administrator\My Documents\Alarm Controller\Microchip\TCPIP Stack\NBNS.c
                 NBNSTask   0x01801c    program     extern C:\Documents and Settings\Administrator\My Documents\Alarm Controller\Microchip\TCPIP Stack\NBNS.c
                  OneByte   0x0168ca    program     static C:\MCC18\src\extended\stdclib\itobcd.asm
                  OneByte   0x016a82    program     static C:\MCC18\src\extended\stdclib\ltobcd.asm
                    Panic   0x00732c    program     extern C:\Documents and Settings\Administrator\My Documents\Alarm Controller\PIC Code\SecuritySystem.c
                ProcLower   0x016a1a    program     static C:\MCC18\src\extended\stdclib\ultoa.asm
                ProcLower   0x01687e    program     static C:\MCC18\src\extended\stdclib\itoa.asm
                ProcUpper   0x016a10    program     static C:\MCC18\src\extended\stdclib\ultoa.asm
                ProcUpper   0x016874    program     static C:\MCC18\src\extended\stdclib\itoa.asm
                  RESTORE   0x017d1e    program     static C:\MCC18\src\extended\math\div16s.asm
                  RESTORE   0x017da0    program     static C:\MCC18\src\extended\math\div16u.asm
                  RESTORE   0x017e44    program     static C:\MCC18\src\extended\math\div32u.asm
              RETQUOTIENT   0x017d16    program     static C:\MCC18\src\extended\math\div16s.asm
              RETQUOTIENT   0x017d98    program     static C:\MCC18\src\extended\math\div16u.asm
              RETQUOTIENT   0x017e34    program     static C:\MCC18\src\extended\math\div32u.asm
     ROMStringToIPAddress   0x011e06    program     extern C:\Documents and Settings\Administrator\My Documents\Alarm Controller\Microchip\TCPIP Stack\Helpers.c
               ReadPHYReg   0x014236    program     extern C:\Documents and Settings\Administrator\My Documents\Alarm Controller\Microchip\TCPIP Stack\ETH97J60.c
           ReadStringUART   0x018a4c    program     extern C:\Documents and Settings\Administrator\My Documents\Alarm Controller\Microchip\TCPIP Stack\UART.c
                ReadUSART   0x018aba    program     extern C:\Documents and Settings\Administrator\My Documents\Alarm Controller\Microchip\TCPIP Stack\UART.c
                  SETSIGN   0x017cc6    program     static C:\MCC18\src\extended\math\div16s.asm
                 SETUPSTK   0x017dae    program     static C:\MCC18\src\extended\math\div32u.asm
                 SETUPSTK   0x017ca6    program     static C:\MCC18\src\extended\math\div16s.asm
                 SETUPSTK   0x017d36    program     static C:\MCC18\src\extended\math\div16u.asm
           SMTPBeginUsage   0x00afea    program     extern C:\Documents and Settings\Administrator\My Documents\Alarm Controller\Microchip\TCPIP Stack\SMTP.c
             SMTPEndUsage   0x00b01e    program     extern C:\Documents and Settings\Administrator\My Documents\Alarm Controller\Microchip\TCPIP Stack\SMTP.c
                SMTPFlush   0x00bbe4    program     extern C:\Documents and Settings\Administrator\My Documents\Alarm Controller\Microchip\TCPIP Stack\SMTP.c
               SMTPIsBusy   0x00ba80    program     extern C:\Documents and Settings\Administrator\My Documents\Alarm Controller\Microchip\TCPIP Stack\SMTP.c
           SMTPIsPutReady   0x00ba8a    program     extern C:\Documents and Settings\Administrator\My Documents\Alarm Controller\Microchip\TCPIP Stack\SMTP.c
                  SMTPPut   0x00baa6    program     extern C:\Documents and Settings\Administrator\My Documents\Alarm Controller\Microchip\TCPIP Stack\SMTP.c
             SMTPPutArray   0x00bb0e    program     extern C:\Documents and Settings\Administrator\My Documents\Alarm Controller\Microchip\TCPIP Stack\SMTP.c
              SMTPPutDone   0x00bbe8    program     extern C:\Documents and Settings\Administrator\My Documents\Alarm Controller\Microchip\TCPIP Stack\SMTP.c
          SMTPPutROMArray   0x00bb3e    program     extern C:\Documents and Settings\Administrator\My Documents\Alarm Controller\Microchip\TCPIP Stack\SMTP.c
         SMTPPutROMString   0x00bba8    program     extern C:\Documents and Settings\Administrator\My Documents\Alarm Controller\Microchip\TCPIP Stack\SMTP.c
            SMTPPutString   0x00bb70    program     extern C:\Documents and Settings\Administrator\My Documents\Alarm Controller\Microchip\TCPIP Stack\SMTP.c
           SMTPQueueEmail   0x00c818    program     extern C:\Documents and Settings\Administrator\My Documents\Alarm Controller\PIC Code\SMTP.c
             SMTPSendMail   0x00ba7a    program     extern C:\Documents and Settings\Administrator\My Documents\Alarm Controller\Microchip\TCPIP Stack\SMTP.c
                 SMTPTask   0x00b05a    program     extern C:\Documents and Settings\Administrator\My Documents\Alarm Controller\Microchip\TCPIP Stack\SMTP.c
          SMTPTaskProcess   0x00c4d0    program     extern C:\Documents and Settings\Administrator\My Documents\Alarm Controller\PIC Code\SMTP.c
               SNTPClient   0x015ab8    program     extern C:\Documents and Settings\Administrator\My Documents\Alarm Controller\PIC Code\SNTP Customised.c
        SNTPGetUTCSeconds   0x015d98    program     extern C:\Documents and Settings\Administrator\My Documents\Alarm Controller\PIC Code\SNTP Customised.c
                   STable   0x016a94    program     extern C:\Documents and Settings\Administrator\My Documents\Alarm Controller\PIC Code\AES.c
            SaveAppConfig   0x0177d2    program     extern C:\Documents and Settings\Administrator\My Documents\Alarm Controller\PIC Code\MainDemo.c
    SaveDeviceDescription   0x00e5ae    program     static C:\Documents and Settings\Administrator\My Documents\Alarm Controller\PIC Code\HTTPForms.c
                  SaveKVP   0x00fc1a    program     extern C:\Documents and Settings\Administrator\My Documents\Alarm Controller\PIC Code\xPL.c
       SaveUserNameEEdata   0x011434    program     static C:\Documents and Settings\Administrator\My Documents\Alarm Controller\PIC Code\Authenticate.c
   SaveUserPasswordEEdata   0x0113ce    program     static C:\Documents and Settings\Administrator\My Documents\Alarm Controller\PIC Code\Authenticate.c
               SchemaInit   0x0062ae    program     extern C:\Documents and Settings\Administrator\My Documents\Alarm Controller\PIC Code\SecuritySystem.c
      SchemaProcessUDPMsg   0x0078da    program     extern C:\Documents and Settings\Administrator\My Documents\Alarm Controller\PIC Code\SecuritySystem.c
              SchemaTasks   0x0068ce    program     extern C:\Documents and Settings\Administrator\My Documents\Alarm Controller\PIC Code\SecuritySystem.c
               SendACStat   0x00d556    program     extern C:\Documents and Settings\Administrator\My Documents\Alarm Controller\PIC Code\SecurityXPLSender.c
          SendAlarmingMsg   0x00cd1c    program     extern C:\Documents and Settings\Administrator\My Documents\Alarm Controller\PIC Code\SecurityXPLSender.c
             SendAreaInfo   0x00d2be    program     extern C:\Documents and Settings\Administrator\My Documents\Alarm Controller\PIC Code\SecurityXPLSender.c
             SendAreaList   0x00d164    program     extern C:\Documents and Settings\Administrator\My Documents\Alarm Controller\PIC Code\SecurityXPLSender.c
             SendAreaStat   0x00d6e0    program     extern C:\Documents and Settings\Administrator\My Documents\Alarm Controller\PIC Code\SecurityXPLSender.c
         SendAreaStateMsg   0x00cbd6    program     extern C:\Documents and Settings\Administrator\My Documents\Alarm Controller\PIC Code\SecurityXPLSender.c
                SendArmed   0x00cf6e    program     extern C:\Documents and Settings\Administrator\My Documents\Alarm Controller\PIC Code\SecurityXPLSender.c
          SendBatteryStat   0x00d50e    program     extern C:\Documents and Settings\Administrator\My Documents\Alarm Controller\PIC Code\SecurityXPLSender.c
        SendConfigCurrent   0x00d3b4    program     extern C:\Documents and Settings\Administrator\My Documents\Alarm Controller\PIC Code\SecurityXPLSender.c
           SendConfigList   0x00d35a    program     extern C:\Documents and Settings\Administrator\My Documents\Alarm Controller\PIC Code\SecurityXPLSender.c
               SendDisarm   0x00d0bc    program     extern C:\Documents and Settings\Administrator\My Documents\Alarm Controller\PIC Code\SecurityXPLSender.c
                SendError   0x00d068    program     extern C:\Documents and Settings\Administrator\My Documents\Alarm Controller\PIC Code\SecurityXPLSender.c
             SendGateStat   0x00d598    program     extern C:\Documents and Settings\Administrator\My Documents\Alarm Controller\PIC Code\SecurityXPLSender.c
       SendGatewayChanged   0x00d4de    program     extern C:\Documents and Settings\Administrator\My Documents\Alarm Controller\PIC Code\SecurityXPLSender.c
          SendGatewayInfo   0x00ce7e    program     extern C:\Documents and Settings\Administrator\My Documents\Alarm Controller\PIC Code\SecurityXPLSender.c
         SendGatewayReady   0x00cf3c    program     extern C:\Documents and Settings\Administrator\My Documents\Alarm Controller\PIC Code\SecurityXPLSender.c
              SendIPValue   0x00d466    program     extern C:\Documents and Settings\Administrator\My Documents\Alarm Controller\PIC Code\SecurityXPLSender.c
                  SendTCP   0x00139a    program     static C:\Documents and Settings\Administrator\My Documents\Alarm Controller\Microchip\TCPIP Stack\TCP.c
             SendZoneInfo   0x00d1cc    program     extern C:\Documents and Settings\Administrator\My Documents\Alarm Controller\PIC Code\SecurityXPLSender.c
             SendZoneList   0x00d0fa    program     extern C:\Documents and Settings\Administrator\My Documents\Alarm Controller\PIC Code\SecurityXPLSender.c
             SendZoneStat   0x00d836    program     extern C:\Documents and Settings\Administrator\My Documents\Alarm Controller\PIC Code\SecurityXPLSender.c
         SendZoneStateMsg   0x00cb50    program     extern C:\Documents and Settings\Administrator\My Documents\Alarm Controller\PIC Code\SecurityXPLSender.c
     SerializedMACAddress   0x01fff2    program     static C:\Documents and Settings\Administrator\My Documents\Alarm Controller\PIC Code\MainDemo.c
                SetArming   0x007702    program     extern C:\Documents and Settings\Administrator\My Documents\Alarm Controller\PIC Code\SecuritySystem.c
            SetArmingArea   0x0076fa    program     extern C:\Documents and Settings\Administrator\My Documents\Alarm Controller\PIC Code\SecuritySystem.c
                  SiTable   0x016b94    program     extern C:\Documents and Settings\Administrator\My Documents\Alarm Controller\PIC Code\AES.c
        StackApplications   0x018d70    program     extern C:\Documents and Settings\Administrator\My Documents\Alarm Controller\Microchip\TCPIP Stack\StackTsk.c
                StackInit   0x018ca6    program     extern C:\Documents and Settings\Administrator\My Documents\Alarm Controller\Microchip\TCPIP Stack\StackTsk.c
                StackTask   0x018ce0    program     extern C:\Documents and Settings\Administrator\My Documents\Alarm Controller\Microchip\TCPIP Stack\StackTsk.c
     StateChangeToAlarmed   0x006ffc    program     static C:\Documents and Settings\Administrator\My Documents\Alarm Controller\PIC Code\SecuritySystem.c
    StateChangeToAlarming   0x006ec4    program     static C:\Documents and Settings\Administrator\My Documents\Alarm Controller\PIC Code\SecuritySystem.c
         StateChangeToArm   0x007368    program     static C:\Documents and Settings\Administrator\My Documents\Alarm Controller\PIC Code\SecuritySystem.c
   StateChangeToArmFailed   0x007588    program     static C:\Documents and Settings\Administrator\My Documents\Alarm Controller\PIC Code\SecuritySystem.c
        StringToIPAddress   0x011d36    program     extern C:\Documents and Settings\Administrator\My Documents\Alarm Controller\Microchip\TCPIP Stack\Helpers.c
            SwapARPPacket   0x017c12    program     static C:\Documents and Settings\Administrator\My Documents\Alarm Controller\Microchip\TCPIP Stack\ARP.c
             SwapIPHeader   0x018784    program     static C:\Documents and Settings\Administrator\My Documents\Alarm Controller\Microchip\TCPIP Stack\IP.c
            SwapTCPHeader   0x001a78    program     static C:\Documents and Settings\Administrator\My Documents\Alarm Controller\Microchip\TCPIP Stack\TCP.c
                  SyncTCB   0x00007e    program     static C:\Documents and Settings\Administrator\My Documents\Alarm Controller\Microchip\TCPIP Stack\TCP.c
              SyncTCBStub   0x00002a    program     static C:\Documents and Settings\Administrator\My Documents\Alarm Controller\Microchip\TCPIP Stack\TCP.c
        TCPAdjustFIFOSize   0x0024de    program     extern C:\Documents and Settings\Administrator\My Documents\Alarm Controller\Microchip\TCPIP Stack\TCP.c
               TCPDiscard   0x0007a8    program     extern C:\Documents and Settings\Administrator\My Documents\Alarm Controller\Microchip\TCPIP Stack\TCP.c
            TCPDisconnect   0x000336    program     extern C:\Documents and Settings\Administrator\My Documents\Alarm Controller\Microchip\TCPIP Stack\TCP.c
           TCPFindArrayEx   0x0009b4    program     extern C:\Documents and Settings\Administrator\My Documents\Alarm Controller\Microchip\TCPIP Stack\TCP.c
                TCPFindEx   0x000e24    program     extern C:\Documents and Settings\Administrator\My Documents\Alarm Controller\Microchip\TCPIP Stack\TCP.c
        TCPFindROMArrayEx   0x000bf0    program     extern C:\Documents and Settings\Administrator\My Documents\Alarm Controller\Microchip\TCPIP Stack\TCP.c
                 TCPFlush   0x0003c4    program     extern C:\Documents and Settings\Administrator\My Documents\Alarm Controller\Microchip\TCPIP Stack\TCP.c
                   TCPGet   0x00082c    program     extern C:\Documents and Settings\Administrator\My Documents\Alarm Controller\Microchip\TCPIP Stack\TCP.c
              TCPGetArray   0x0008a8    program     extern C:\Documents and Settings\Administrator\My Documents\Alarm Controller\Microchip\TCPIP Stack\TCP.c
         TCPGetRemoteInfo   0x000392    program     extern C:\Documents and Settings\Administrator\My Documents\Alarm Controller\Microchip\TCPIP Stack\TCP.c
         TCPGetRxFIFOFree   0x000998    program     extern C:\Documents and Settings\Administrator\My Documents\Alarm Controller\Microchip\TCPIP Stack\TCP.c
         TCPGetTxFIFOFull   0x00078a    program     extern C:\Documents and Settings\Administrator\My Documents\Alarm Controller\Microchip\TCPIP Stack\TCP.c
                  TCPInit   0x0000c6    program     extern C:\Documents and Settings\Administrator\My Documents\Alarm Controller\Microchip\TCPIP Stack\TCP.c
           TCPIsConnected   0x000320    program     extern C:\Documents and Settings\Administrator\My Documents\Alarm Controller\Microchip\TCPIP Stack\TCP.c
            TCPIsGetReady   0x0007d0    program     extern C:\Documents and Settings\Administrator\My Documents\Alarm Controller\Microchip\TCPIP Stack\TCP.c
            TCPIsPutReady   0x0003e0    program     extern C:\Documents and Settings\Administrator\My Documents\Alarm Controller\Microchip\TCPIP Stack\TCP.c
                  TCPOpen   0x0001f4    program     extern C:\Documents and Settings\Administrator\My Documents\Alarm Controller\Microchip\TCPIP Stack\TCP.c
               TCPProcess   0x00128a    program     extern C:\Documents and Settings\Administrator\My Documents\Alarm Controller\Microchip\TCPIP Stack\TCP.c
                   TCPPut   0x00045c    program     extern C:\Documents and Settings\Administrator\My Documents\Alarm Controller\Microchip\TCPIP Stack\TCP.c
              TCPPutArray   0x000504    program     extern C:\Documents and Settings\Administrator\My Documents\Alarm Controller\Microchip\TCPIP Stack\TCP.c
           TCPPutROMArray   0x0005f4    program     extern C:\Documents and Settings\Administrator\My Documents\Alarm Controller\Microchip\TCPIP Stack\TCP.c
          TCPPutROMString   0x000720    program     extern C:\Documents and Settings\Administrator\My Documents\Alarm Controller\Microchip\TCPIP Stack\TCP.c
             TCPPutString   0x0006e8    program     extern C:\Documents and Settings\Administrator\My Documents\Alarm Controller\Microchip\TCPIP Stack\TCP.c
               TCPRAMCopy   0x002672    program     static C:\Documents and Settings\Administrator\My Documents\Alarm Controller\Microchip\TCPIP Stack\TCP.c
            TCPRAMCopyROM   0x0026ea    program     static C:\Documents and Settings\Administrator\My Documents\Alarm Controller\Microchip\TCPIP Stack\TCP.c
     TCPSocketInitializer   0x018e02    program     extern C:\Documents and Settings\Administrator\My Documents\Alarm Controller\PIC Code\TCPIPConfig.h
                  TCPTick   0x000e4a    program     extern C:\Documents and Settings\Administrator\My Documents\Alarm Controller\Microchip\TCPIP Stack\TCP.c
              TCPWasReset   0x00030a    program     extern C:\Documents and Settings\Administrator\My Documents\Alarm Controller\Microchip\TCPIP Stack\TCP.c
              TaskAlarmed   0x00713c    program     static C:\Documents and Settings\Administrator\My Documents\Alarm Controller\PIC Code\SecuritySystem.c
             TaskAlarming   0x007030    program     static C:\Documents and Settings\Administrator\My Documents\Alarm Controller\PIC Code\SecuritySystem.c
TickConvertToMilliseconds   0x018bf8    program     extern C:\Documents and Settings\Administrator\My Documents\Alarm Controller\Microchip\TCPIP Stack\Tick.c
                  TickGet   0x018bbc    program     extern C:\Documents and Settings\Administrator\My Documents\Alarm Controller\Microchip\TCPIP Stack\Tick.c
            TickGetDiv256   0x018bd0    program     extern C:\Documents and Settings\Administrator\My Documents\Alarm Controller\Microchip\TCPIP Stack\Tick.c
            TickGetDiv64K   0x018be4    program     extern C:\Documents and Settings\Administrator\My Documents\Alarm Controller\Microchip\TCPIP Stack\Tick.c
                 TickInit   0x018b86    program     extern C:\Documents and Settings\Administrator\My Documents\Alarm Controller\Microchip\TCPIP Stack\Tick.c
               TickUpdate   0x018c68    program     extern C:\Documents and Settings\Administrator\My Documents\Alarm Controller\Microchip\TCPIP Stack\Tick.c
                 TstLower   0x016a04    program     static C:\MCC18\src\extended\stdclib\ultoa.asm
                 TstLower   0x016868    program     static C:\MCC18\src\extended\stdclib\itoa.asm
                 TstUpper   0x016862    program     static C:\MCC18\src\extended\stdclib\itoa.asm
                 TstUpper   0x0169fe    program     static C:\MCC18\src\extended\stdclib\ultoa.asm
                 UDPClose   0x014484    program     extern C:\Documents and Settings\Administrator\My Documents\Alarm Controller\Microchip\TCPIP Stack\UDP.c
               UDPDiscard   0x0147ec    program     extern C:\Documents and Settings\Administrator\My Documents\Alarm Controller\Microchip\TCPIP Stack\UDP.c
                 UDPFlush   0x014682    program     extern C:\Documents and Settings\Administrator\My Documents\Alarm Controller\Microchip\TCPIP Stack\UDP.c
                   UDPGet   0x01474a    program     extern C:\Documents and Settings\Administrator\My Documents\Alarm Controller\Microchip\TCPIP Stack\UDP.c
              UDPGetArray   0x014780    program     extern C:\Documents and Settings\Administrator\My Documents\Alarm Controller\Microchip\TCPIP Stack\UDP.c
                  UDPInit   0x014398    program     extern C:\Documents and Settings\Administrator\My Documents\Alarm Controller\Microchip\TCPIP Stack\UDP.c
            UDPIsGetReady   0x014716    program     extern C:\Documents and Settings\Administrator\My Documents\Alarm Controller\Microchip\TCPIP Stack\UDP.c
            UDPIsPutReady   0x014504    program     extern C:\Documents and Settings\Administrator\My Documents\Alarm Controller\Microchip\TCPIP Stack\UDP.c
                  UDPOpen   0x0143c4    program     extern C:\Documents and Settings\Administrator\My Documents\Alarm Controller\Microchip\TCPIP Stack\UDP.c
               UDPProcess   0x014800    program     extern C:\Documents and Settings\Administrator\My Documents\Alarm Controller\Microchip\TCPIP Stack\UDP.c
                   UDPPut   0x01454e    program     extern C:\Documents and Settings\Administrator\My Documents\Alarm Controller\Microchip\TCPIP Stack\UDP.c
              UDPPutArray   0x014598    program     extern C:\Documents and Settings\Administrator\My Documents\Alarm Controller\Microchip\TCPIP Stack\UDP.c
           UDPPutROMArray   0x0145c6    program     extern C:\Documents and Settings\Administrator\My Documents\Alarm Controller\Microchip\TCPIP Stack\UDP.c
          UDPPutROMString   0x014628    program     extern C:\Documents and Settings\Administrator\My Documents\Alarm Controller\Microchip\TCPIP Stack\UDP.c
             UDPPutString   0x0145f8    program     extern C:\Documents and Settings\Administrator\My Documents\Alarm Controller\Microchip\TCPIP Stack\UDP.c
           UDPSetRxBuffer   0x0144ea    program     extern C:\Documents and Settings\Administrator\My Documents\Alarm Controller\Microchip\TCPIP Stack\UDP.c
           UDPSetTxBuffer   0x0144a4    program     extern C:\Documents and Settings\Administrator\My Documents\Alarm Controller\Microchip\TCPIP Stack\UDP.c
                  UDPTask   0x0143be    program     extern C:\Documents and Settings\Administrator\My Documents\Alarm Controller\Microchip\TCPIP Stack\UDP.c
              WritePHYReg   0x01427c    program     extern C:\Documents and Settings\Administrator\My Documents\Alarm Controller\Microchip\TCPIP Stack\ETH97J60.c
               WriteUSART   0x018abe    program     extern C:\Documents and Settings\Administrator\My Documents\Alarm Controller\Microchip\TCPIP Stack\UART.c
             XEEBeginRead   0x01883a    program     extern C:\Documents and Settings\Administrator\My Documents\Alarm Controller\Microchip\TCPIP Stack\SPIEEPROM.c
            XEEBeginWrite   0x0188f2    program     extern C:\Documents and Settings\Administrator\My Documents\Alarm Controller\Microchip\TCPIP Stack\SPIEEPROM.c
               XEEEndRead   0x01887e    program     extern C:\Documents and Settings\Administrator\My Documents\Alarm Controller\Microchip\TCPIP Stack\SPIEEPROM.c
              XEEEndWrite   0x018914    program     extern C:\Documents and Settings\Administrator\My Documents\Alarm Controller\Microchip\TCPIP Stack\SPIEEPROM.c
                  XEEInit   0x018824    program     extern C:\Documents and Settings\Administrator\My Documents\Alarm Controller\Microchip\TCPIP Stack\SPIEEPROM.c
                XEEIsBusy   0x0189b0    program     extern C:\Documents and Settings\Administrator\My Documents\Alarm Controller\Microchip\TCPIP Stack\SPIEEPROM.c
                  XEERead   0x018846    program     extern C:\Documents and Settings\Administrator\My Documents\Alarm Controller\Microchip\TCPIP Stack\SPIEEPROM.c
             XEEReadArray   0x018880    program     extern C:\Documents and Settings\Administrator\My Documents\Alarm Controller\Microchip\TCPIP Stack\SPIEEPROM.c
                 XEEWrite   0x0188f8    program     extern C:\Documents and Settings\Administrator\My Documents\Alarm Controller\Microchip\TCPIP Stack\SPIEEPROM.c
       XPLHeartBeatTiming   0x00f130    program     static C:\Documents and Settings\Administrator\My Documents\Alarm Controller\PIC Code\xPL.c
         XPLProcessUDPMsg   0x00f432    program     static C:\Documents and Settings\Administrator\My Documents\Alarm Controller\PIC Code\xPL.c
   XPLProcessUDPMsgHeader   0x00f5d4    program     static C:\Documents and Settings\Administrator\My Documents\Alarm Controller\PIC Code\xPL.c
            XPLSendHeader   0x00f254    program     extern C:\Documents and Settings\Administrator\My Documents\Alarm Controller\PIC Code\xPL.c
         XPLSendHeartBeat   0x00f1c4    program     static C:\Documents and Settings\Administrator\My Documents\Alarm Controller\PIC Code\xPL.c
                 XPLTasks   0x00f180    program     extern C:\Documents and Settings\Administrator\My Documents\Alarm Controller\PIC Code\xPL.c
                  _14jEnd   0x016770    program     static C:\MCC18\src\extended\stdclib\atol.asm
              _2jContinue   0x0170e0    program     static C:\MCC18\src\extended\stdclib\memset.asm
                   _2jEnd   0x017322    program     static C:\MCC18\src\extended\stdclib\slenpgm.asm
              _3jContinue   0x017010    program     static C:\MCC18\src\extended\stdclib\mcmpp2r.asm
              _3jContinue   0x0170ac    program     static C:\MCC18\src\extended\stdclib\mcpyp2r.asm
              _3jContinue   0x0173c4    program     static C:\MCC18\src\extended\stdclib\sncmpp2r.asm
                   _3jEnd   0x0170ea    program     static C:\MCC18\src\extended\stdclib\memset.asm
              _4jContinue   0x017058    program     static C:\MCC18\src\extended\stdclib\memcpy.asm
              _4jContinue   0x017372    program     static C:\MCC18\src\extended\stdclib\strncat.asm
              _4jContinue   0x016fc0    program     static C:\MCC18\src\extended\stdclib\memcmp.asm
                   _4jEnd   0x01701a    program     static C:\MCC18\src\extended\stdclib\mcmpp2r.asm
                   _4jEnd   0x0173ce    program     static C:\MCC18\src\extended\stdclib\sncmpp2r.asm
                   _4jEnd   0x0170b6    program     static C:\MCC18\src\extended\stdclib\mcpyp2r.asm
                   _5jEnd   0x016fca    program     static C:\MCC18\src\extended\stdclib\memcmp.asm
                   _5jEnd   0x01737c    program     static C:\MCC18\src\extended\stdclib\strncat.asm
                   _5jEnd   0x017062    program     static C:\MCC18\src\extended\stdclib\memcpy.asm
        _D10TCYXCODE_000A   0x018de4    program     static C:\MCC18\src\extended\delays\d10tcyx.asm
        _D10TCYXCODE_000C   0x018de6    program     static C:\MCC18\src\extended\delays\d10tcyx.asm
        _D10TCYXCODE_000E   0x018de8    program     static C:\MCC18\src\extended\delays\d10tcyx.asm
        _D1KTCYXCODE_0012   0x018db2    program     static C:\MCC18\src\extended\delays\d1ktcyx.asm
        _D1KTCYXCODE_0018   0x018db8    program     static C:\MCC18\src\extended\delays\d1ktcyx.asm
           _LoadFATRecord   0x010804    program     static C:\Documents and Settings\Administrator\My Documents\Alarm Controller\Microchip\TCPIP Stack\MPFS2.c
                _Validate   0x010ac8    program     static C:\Documents and Settings\Administrator\My Documents\Alarm Controller\Microchip\TCPIP Stack\MPFS2.c
       ___case_0_lbl00322   0x007bb4    program     static                          
       ___case_0_lbl00335   0x007c9a    program     static                          
[...]
                     DDRC   0x000f94       data     extern C:\MCC18\src\extended\proc\p18F97J60.asm
                 DDRCbits   0x000f94       data     extern C:\MCC18\src\extended\proc\p18F97J60.asm
                TRISCbits   0x000f94       data     extern C:\MCC18\src\extended\proc\p18F97J60.asm
                    TRISC   0x000f94       data     extern C:\MCC18\src\extended\proc\p18F97J60.asm
                    TRISD   0x000f95       data     extern C:\MCC18\src\extended\proc\p18F97J60.asm
                TRISDbits   0x000f95       data     extern C:\MCC18\src\extended\proc\p18F97J60.asm
                     DDRD   0x000f95       data     extern C:\MCC18\src\extended\proc\p18F97J60.asm
                 DDRDbits   0x000f95       data     extern C:\MCC18\src\extended\proc\p18F97J60.asm
                    TRISE   0x000f96       data     extern C:\MCC18\src\extended\proc\p18F97J60.asm
                TRISEbits   0x000f96       data     extern C:\MCC18\src\extended\proc\p18F97J60.asm
                     DDRE   0x000f96       data     extern C:\MCC18\src\extended\proc\p18F97J60.asm
                 DDREbits   0x000f96       data     extern C:\MCC18\src\extended\proc\p18F97J60.asm
                     DDRF   0x000f97       data     extern C:\MCC18\src\extended\proc\p18F97J60.asm
                TRISFbits   0x000f97       data     extern C:\MCC18\src\extended\proc\p18F97J60.asm
                    TRISF   0x000f97       data     extern C:\MCC18\src\extended\proc\p18F97J60.asm
                 DDRFbits   0x000f97       data     extern C:\MCC18\src\extended\proc\p18F97J60.asm
                TRISGbits   0x000f98       data     extern C:\MCC18\src\extended\proc\p18F97J60.asm
                    TRISG   0x000f98       data     extern C:\MCC18\src\extended\proc\p18F97J60.asm
                     DDRG   0x000f98       data     extern C:\MCC18\src\extended\proc\p18F97J60.asm
                 DDRGbits   0x000f98       data     extern C:\MCC18\src\extended\proc\p18F97J60.asm
                TRISHbits   0x000f99       data     extern C:\MCC18\src\extended\proc\p18F97J60.asm
                    TRISH   0x000f99       data     extern C:\MCC18\src\extended\proc\p18F97J60.asm
                     DDRH   0x000f99       data     extern C:\MCC18\src\extended\proc\p18F97J60.asm
                 DDRHbits   0x000f99       data     extern C:\MCC18\src\extended\proc\p18F97J60.asm
                     DDRJ   0x000f9a       data     extern C:\MCC18\src\extended\proc\p18F97J60.asm
                 DDRJbits   0x000f9a       data     extern C:\MCC18\src\extended\proc\p18F97J60.asm
                TRISJbits   0x000f9a       data     extern C:\MCC18\src\extended\proc\p18F97J60.asm
                    TRISJ   0x000f9a       data     extern C:\MCC18\src\extended\proc\p18F97J60.asm
              OSCTUNEbits   0x000f9b       data     extern C:\MCC18\src\extended\proc\p18F97J60.asm
                  OSCTUNE   0x000f9b       data     extern C:\MCC18\src\extended\proc\p18F97J60.asm
                   MEMCON   0x000f9c       data     extern C:\MCC18\src\extended\proc\p18F97J60.asm
               MEMCONbits   0x000f9c       data     extern C:\MCC18\src\extended\proc\p18F97J60.asm
                     PIE1   0x000f9d       data     extern C:\MCC18\src\extended\proc\p18F97J60.asm
                 PIE1bits   0x000f9d       data     extern C:\MCC18\src\extended\proc\p18F97J60.asm
                     PIR1   0x000f9e       data     extern C:\MCC18\src\extended\proc\p18F97J60.asm
                 PIR1bits   0x000f9e       data     extern C:\MCC18\src\extended\proc\p18F97J60.asm
                     IPR1   0x000f9f       data     extern C:\MCC18\src\extended\proc\p18F97J60.asm
                 IPR1bits   0x000f9f       data     extern C:\MCC18\src\extended\proc\p18F97J60.asm
                     PIE2   0x000fa0       data     extern C:\MCC18\src\extended\proc\p18F97J60.asm
                 PIE2bits   0x000fa0       data     extern C:\MCC18\src\extended\proc\p18F97J60.asm
                     PIR2   0x000fa1       data     extern C:\MCC18\src\extended\proc\p18F97J60.asm
                 PIR2bits   0x000fa1       data     extern C:\MCC18\src\extended\proc\p18F97J60.asm
                     IPR2   0x000fa2       data     extern C:\MCC18\src\extended\proc\p18F97J60.asm
                 IPR2bits   0x000fa2       data     extern C:\MCC18\src\extended\proc\p18F97J60.asm
                     PIE3   0x000fa3       data     extern C:\MCC18\src\extended\proc\p18F97J60.asm
                 PIE3bits   0x000fa3       data     extern C:\MCC18\src\extended\proc\p18F97J60.asm
                     PIR3   0x000fa4       data     extern C:\MCC18\src\extended\proc\p18F97J60.asm
                 PIR3bits   0x000fa4       data     extern C:\MCC18\src\extended\proc\p18F97J60.asm
                 IPR3bits   0x000fa5       data     extern C:\MCC18\src\extended\proc\p18F97J60.asm
                     IPR3   0x000fa5       data     extern C:\MCC18\src\extended\proc\p18F97J60.asm
                   EECON1   0x000fa6       data     extern C:\MCC18\src\extended\proc\p18F97J60.asm
               EECON1bits   0x000fa6       data     extern C:\MCC18\src\extended\proc\p18F97J60.asm
                   EECON2   0x000fa7       data     extern C:\MCC18\src\extended\proc\p18F97J60.asm
               RCSTA1bits   0x000fab       data     extern C:\MCC18\src\extended\proc\p18F97J60.asm
                    RCSTA   0x000fab       data     extern C:\MCC18\src\extended\proc\p18F97J60.asm
                   RCSTA1   0x000fab       data     extern C:\MCC18\src\extended\proc\p18F97J60.asm
                RCSTAbits   0x000fab       data     extern C:\MCC18\src\extended\proc\p18F97J60.asm
                TXSTAbits   0x000fac       data     extern C:\MCC18\src\extended\proc\p18F97J60.asm
               TXSTA1bits   0x000fac       data     extern C:\MCC18\src\extended\proc\p18F97J60.asm
                   TXSTA1   0x000fac       data     extern C:\MCC18\src\extended\proc\p18F97J60.asm
                    TXSTA   0x000fac       data     extern C:\MCC18\src\extended\proc\p18F97J60.asm
                   TXREG1   0x000fad       data     extern C:\MCC18\src\extended\proc\p18F97J60.asm
                    TXREG   0x000fad       data     extern C:\MCC18\src\extended\proc\p18F97J60.asm
                   RCREG1   0x000fae       data     extern C:\MCC18\src\extended\proc\p18F97J60.asm
                    RCREG   0x000fae       data     extern C:\MCC18\src\extended\proc\p18F97J60.asm
                    SPBRG   0x000faf       data     extern C:\MCC18\src\extended\proc\p18F97J60.asm
                   SPBRG1   0x000faf       data     extern C:\MCC18\src\extended\proc\p18F97J60.asm
               PSPCONbits   0x000fb0       data     extern C:\MCC18\src\extended\proc\p18F97J60.asm
                   PSPCON   0x000fb0       data     extern C:\MCC18\src\extended\proc\p18F97J60.asm
                T3CONbits   0x000fb1       data     extern C:\MCC18\src\extended\proc\p18F97J60.asm
                    T3CON   0x000fb1       data     extern C:\MCC18\src\extended\proc\p18F97J60.asm
                    TMR3L   0x000fb2       data     extern C:\MCC18\src\extended\proc\p18F97J60.asm
                    TMR3H   0x000fb3       data     extern C:\MCC18\src\extended\proc\p18F97J60.asm
                    CMCON   0x000fb4       data     extern C:\MCC18\src\extended\proc\p18F97J60.asm
                CMCONbits   0x000fb4       data     extern C:\MCC18\src\extended\proc\p18F97J60.asm
                   CVRCON   0x000fb5       data     extern C:\MCC18\src\extended\proc\p18F97J60.asm
               CVRCONbits   0x000fb5       data     extern C:\MCC18\src\extended\proc\p18F97J60.asm
                  ECCP1AS   0x000fb6       data     extern C:\MCC18\src\extended\proc\p18F97J60.asm
              ECCP1ASbits   0x000fb6       data     extern C:\MCC18\src\extended\proc\p18F97J60.asm
                  CCP3CON   0x000fb7       data     extern C:\MCC18\src\extended\proc\p18F97J60.asm
                 ECCP3CON   0x000fb7       data     extern C:\MCC18\src\extended\proc\p18F97J60.asm
             ECCP3CONbits   0x000fb7       data     extern C:\MCC18\src\extended\proc\p18F97J60.asm
              CCP3CONbits   0x000fb7       data     extern C:\MCC18\src\extended\proc\p18F97J60.asm
                    CCPR3   0x000fb8       data     extern C:\MCC18\src\extended\proc\p18F97J60.asm
                   CCPR3L   0x000fb8       data     extern C:\MCC18\src\extended\proc\p18F97J60.asm
                   CCPR3H   0x000fb9       data     extern C:\MCC18\src\extended\proc\p18F97J60.asm
                 ECCP2CON   0x000fba       data     extern C:\MCC18\src\extended\proc\p18F97J60.asm
             ECCP2CONbits   0x000fba       data     extern C:\MCC18\src\extended\proc\p18F97J60.asm
              CCP2CONbits   0x000fba       data     extern C:\MCC18\src\extended\proc\p18F97J60.asm
                  CCP2CON   0x000fba       data     extern C:\MCC18\src\extended\proc\p18F97J60.asm
                   CCPR2L   0x000fbb       data     extern C:\MCC18\src\extended\proc\p18F97J60.asm
                    CCPR2   0x000fbb       data     extern C:\MCC18\src\extended\proc\p18F97J60.asm
                   CCPR2H   0x000fbc       data     extern C:\MCC18\src\extended\proc\p18F97J60.asm
                 ECCP1CON   0x000fbd       data     extern C:\MCC18\src\extended\proc\p18F97J60.asm
             ECCP1CONbits   0x000fbd       data     extern C:\MCC18\src\extended\proc\p18F97J60.asm
              CCP1CONbits   0x000fbd       data     extern C:\MCC18\src\extended\proc\p18F97J60.asm
                  CCP1CON   0x000fbd       data     extern C:\MCC18\src\extended\proc\p18F97J60.asm
                   CCPR1L   0x000fbe       data     extern C:\MCC18\src\extended\proc\p18F97J60.asm
                    CCPR1   0x000fbe       data     extern C:\MCC18\src\extended\proc\p18F97J60.asm
                   CCPR1H   0x000fbf       data     extern C:\MCC18\src\extended\proc\p18F97J60.asm
               ADCON2bits   0x000fc0       data     extern C:\MCC18\src\extended\proc\p18F97J60.asm
                   ADCON2   0x000fc0       data     extern C:\MCC18\src\extended\proc\p18F97J60.asm
               ADCON1bits   0x000fc1       data     extern C:\MCC18\src\extended\proc\p18F97J60.asm
                   ADCON1   0x000fc1       data     extern C:\MCC18\src\extended\proc\p18F97J60.asm
                   ADCON0   0x000fc2       data     extern C:\MCC18\src\extended\proc\p18F97J60.asm
               ADCON0bits   0x000fc2       data     extern C:\MCC18\src\extended\proc\p18F97J60.asm
                    ADRES   0x000fc3       data     extern C:\MCC18\src\extended\proc\p18F97J60.asm
                   ADRESL   0x000fc3       data     extern C:\MCC18\src\extended\proc\p18F97J60.asm
                   ADRESH   0x000fc4       data     extern C:\MCC18\src\extended\proc\p18F97J60.asm
                 SSP1CON2   0x000fc5       data     extern C:\MCC18\src\extended\proc\p18F97J60.asm
             SSP1CON2bits   0x000fc5       data     extern C:\MCC18\src\extended\proc\p18F97J60.asm
                  SSPCON2   0x000fc5       data     extern C:\MCC18\src\extended\proc\p18F97J60.asm
              SSPCON2bits   0x000fc5       data     extern C:\MCC18\src\extended\proc\p18F97J60.asm
                 SSP1CON1   0x000fc6       data     extern C:\MCC18\src\extended\proc\p18F97J60.asm
             SSP1CON1bits   0x000fc6       data     extern C:\MCC18\src\extended\proc\p18F97J60.asm
              SSPCON1bits   0x000fc6       data     extern C:\MCC18\src\extended\proc\p18F97J60.asm
                  SSPCON1   0x000fc6       data     extern C:\MCC18\src\extended\proc\p18F97J60.asm
              SSPSTATbits   0x000fc7       data     extern C:\MCC18\src\extended\proc\p18F97J60.asm
                 SSP1STAT   0x000fc7       data     extern C:\MCC18\src\extended\proc\p18F97J60.asm
             SSP1STATbits   0x000fc7       data     extern C:\MCC18\src\extended\proc\p18F97J60.asm
                  SSPSTAT   0x000fc7       data     extern C:\MCC18\src\extended\proc\p18F97J60.asm
                  SSP1ADD   0x000fc8       data     extern C:\MCC18\src\extended\proc\p18F97J60.asm
                   SSPADD   0x000fc8       data     extern C:\MCC18\src\extended\proc\p18F97J60.asm
                  SSP1BUF   0x000fc9       data     extern C:\MCC18\src\extended\proc\p18F97J60.asm
                   SSPBUF   0x000fc9       data     extern C:\MCC18\src\extended\proc\p18F97J60.asm
                    T2CON   0x000fca       data     extern C:\MCC18\src\extended\proc\p18F97J60.asm
                T2CONbits   0x000fca       data     extern C:\MCC18\src\extended\proc\p18F97J60.asm
                      PR2   0x000fcb       data     extern C:\MCC18\src\extended\proc\p18F97J60.asm
                     TMR2   0x000fcc       data     extern C:\MCC18\src\extended\proc\p18F97J60.asm
                    T1CON   0x000fcd       data     extern C:\MCC18\src\extended\proc\p18F97J60.asm
                T1CONbits   0x000fcd       data     extern C:\MCC18\src\extended\proc\p18F97J60.asm
                    TMR1L   0x000fce       data     extern C:\MCC18\src\extended\proc\p18F97J60.asm
                    TMR1H   0x000fcf       data     extern C:\MCC18\src\extended\proc\p18F97J60.asm
                     RCON   0x000fd0       data     extern C:\MCC18\src\extended\proc\p18F97J60.asm
                 RCONbits   0x000fd0       data     extern C:\MCC18\src\extended\proc\p18F97J60.asm
                   WDTCON   0x000fd1       data     extern C:\MCC18\src\extended\proc\p18F97J60.asm
               WDTCONbits   0x000fd1       data     extern C:\MCC18\src\extended\proc\p18F97J60.asm
                ECON1bits   0x000fd2       data     extern C:\MCC18\src\extended\proc\p18F97J60.asm
                    ECON1   0x000fd2       data     extern C:\MCC18\src\extended\proc\p18F97J60.asm
               OSCCONbits   0x000fd3       data     extern C:\MCC18\src\extended\proc\p18F97J60.asm
                   OSCCON   0x000fd3       data     extern C:\MCC18\src\extended\proc\p18F97J60.asm
                    T0CON   0x000fd5       data     extern C:\MCC18\src\extended\proc\p18F97J60.asm
                T0CONbits   0x000fd5       data     extern C:\MCC18\src\extended\proc\p18F97J60.asm
                    TMR0L   0x000fd6       data     extern C:\MCC18\src\extended\proc\p18F97J60.asm
                    TMR0H   0x000fd7       data     extern C:\MCC18\src\extended\proc\p18F97J60.asm
                   STATUS   0x000fd8       data     extern C:\MCC18\src\extended\proc\p18F97J60.asm
               STATUSbits   0x000fd8       data     extern C:\MCC18\src\extended\proc\p18F97J60.asm
                    FSR2L   0x000fd9       data     extern C:\MCC18\src\extended\proc\p18F97J60.asm
                     FSR2   0x000fd9       data     extern C:\MCC18\src\extended\proc\p18F97J60.asm
                    FSR2H   0x000fda       data     extern C:\MCC18\src\extended\proc\p18F97J60.asm
                   PLUSW2   0x000fdb       data     extern C:\MCC18\src\extended\proc\p18F97J60.asm
                  PREINC2   0x000fdc       data     extern C:\MCC18\src\extended\proc\p18F97J60.asm
                 POSTDEC2   0x000fdd       data     extern C:\MCC18\src\extended\proc\p18F97J60.asm
                 POSTINC2   0x000fde       data     extern C:\MCC18\src\extended\proc\p18F97J60.asm
                    INDF2   0x000fdf       data     extern C:\MCC18\src\extended\proc\p18F97J60.asm
                      BSR   0x000fe0       data     extern C:\MCC18\src\extended\proc\p18F97J60.asm
                    FSR1L   0x000fe1       data     extern C:\MCC18\src\extended\proc\p18F97J60.asm
                     FSR1   0x000fe1       data     extern C:\MCC18\src\extended\proc\p18F97J60.asm
                    FSR1H   0x000fe2       data     extern C:\MCC18\src\extended\proc\p18F97J60.asm
                   PLUSW1   0x000fe3       data     extern C:\MCC18\src\extended\proc\p18F97J60.asm
                  PREINC1   0x000fe4       data     extern C:\MCC18\src\extended\proc\p18F97J60.asm
                 POSTDEC1   0x000fe5       data     extern C:\MCC18\src\extended\proc\p18F97J60.asm
                 POSTINC1   0x000fe6       data     extern C:\MCC18\src\extended\proc\p18F97J60.asm
                    INDF1   0x000fe7       data     extern C:\MCC18\src\extended\proc\p18F97J60.asm
                     WREG   0x000fe8       data     extern C:\MCC18\src\extended\proc\p18F97J60.asm
                     FSR0   0x000fe9       data     extern C:\MCC18\src\extended\proc\p18F97J60.asm
                    FSR0L   0x000fe9       data     extern C:\MCC18\src\extended\proc\p18F97J60.asm
                    FSR0H   0x000fea       data     extern C:\MCC18\src\extended\proc\p18F97J60.asm
                   PLUSW0   0x000feb       data     extern C:\MCC18\src\extended\proc\p18F97J60.asm
                  PREINC0   0x000fec       data     extern C:\MCC18\src\extended\proc\p18F97J60.asm
                 POSTDEC0   0x000fed       data     extern C:\MCC18\src\extended\proc\p18F97J60.asm
                 POSTINC0   0x000fee       data     extern C:\MCC18\src\extended\proc\p18F97J60.asm
                    INDF0   0x000fef       data     extern C:\MCC18\src\extended\proc\p18F97J60.asm
              INTCON3bits   0x000ff0       data     extern C:\MCC18\src\extended\proc\p18F97J60.asm
                  INTCON3   0x000ff0       data     extern C:\MCC18\src\extended\proc\p18F97J60.asm
              INTCON2bits   0x000ff1       data     extern C:\MCC18\src\extended\proc\p18F97J60.asm
                  INTCON2   0x000ff1       data     extern C:\MCC18\src\extended\proc\p18F97J60.asm
               INTCONbits   0x000ff2       data     extern C:\MCC18\src\extended\proc\p18F97J60.asm
                   INTCON   0x000ff2       data     extern C:\MCC18\src\extended\proc\p18F97J60.asm
                    PRODL   0x000ff3       data     extern C:\MCC18\src\extended\proc\p18F97J60.asm
                     PROD   0x000ff3       data     extern C:\MCC18\src\extended\proc\p18F97J60.asm
                    PRODH   0x000ff4       data     extern C:\MCC18\src\extended\proc\p18F97J60.asm
                   TABLAT   0x000ff5       data     extern C:\MCC18\src\extended\proc\p18F97J60.asm
                  TBLPTRL   0x000ff6       data     extern C:\MCC18\src\extended\proc\p18F97J60.asm
                   TBLPTR   0x000ff6       data     extern C:\MCC18\src\extended\proc\p18F97J60.asm
                  TBLPTRH   0x000ff7       data     extern C:\MCC18\src\extended\proc\p18F97J60.asm
                  TBLPTRU   0x000ff8       data     extern C:\MCC18\src\extended\proc\p18F97J60.asm
                      PCL   0x000ff9       data     extern C:\MCC18\src\extended\proc\p18F97J60.asm
                       PC   0x000ff9       data     extern C:\MCC18\src\extended\proc\p18F97J60.asm
                   PCLATH   0x000ffa       data     extern C:\MCC18\src\extended\proc\p18F97J60.asm
                   PCLATU   0x000ffb       data     extern C:\MCC18\src\extended\proc\p18F97J60.asm
               STKPTRbits   0x000ffc       data     extern C:\MCC18\src\extended\proc\p18F97J60.asm
                   STKPTR   0x000ffc       data     extern C:\MCC18\src\extended\proc\p18F97J60.asm
                      TOS   0x000ffd       data     extern C:\MCC18\src\extended\proc\p18F97J60.asm
                     TOSL   0x000ffd       data     extern C:\MCC18\src\extended\proc\p18F97J60.asm
                     TOSH   0x000ffe       data     extern C:\MCC18\src\extended\proc\p18F97J60.asm
                     TOSU   0x000fff       data     extern C:\MCC18\src\extended\proc\p18F97J60.asm


